Component: ARM Compiler 5.06 update 2 (build 183) Tool: armlink [4d35b7]

==============================================================================

Section Cross References

    startup_stm32f10x_md.o(STACK) refers (Special) to heapauxi.o(.text) for __use_two_region_memory
    startup_stm32f10x_md.o(HEAP) refers (Special) to heapauxi.o(.text) for __use_two_region_memory
    startup_stm32f10x_md.o(RESET) refers (Special) to heapauxi.o(.text) for __use_two_region_memory
    startup_stm32f10x_md.o(RESET) refers to startup_stm32f10x_md.o(STACK) for __initial_sp
    startup_stm32f10x_md.o(RESET) refers to startup_stm32f10x_md.o(.text) for Reset_Handler
    startup_stm32f10x_md.o(RESET) refers to stm32f10x_it.o(i.NMI_Handler) for NMI_Handler
    startup_stm32f10x_md.o(RESET) refers to stm32f10x_it.o(i.HardFault_Handler) for HardFault_Handler
    startup_stm32f10x_md.o(RESET) refers to stm32f10x_it.o(i.MemManage_Handler) for MemManage_Handler
    startup_stm32f10x_md.o(RESET) refers to stm32f10x_it.o(i.BusFault_Handler) for BusFault_Handler
    startup_stm32f10x_md.o(RESET) refers to stm32f10x_it.o(i.UsageFault_Handler) for UsageFault_Handler
    startup_stm32f10x_md.o(RESET) refers to stm32f10x_it.o(i.SVC_Handler) for SVC_Handler
    startup_stm32f10x_md.o(RESET) refers to stm32f10x_it.o(i.DebugMon_Handler) for DebugMon_Handler
    startup_stm32f10x_md.o(RESET) refers to stm32f10x_it.o(i.PendSV_Handler) for PendSV_Handler
    startup_stm32f10x_md.o(RESET) refers to stm32f10x_it.o(i.SysTick_Handler) for SysTick_Handler
    startup_stm32f10x_md.o(RESET) refers to rtc.o(i.RTC_IRQHandler) for RTC_IRQHandler
    startup_stm32f10x_md.o(RESET) refers to eint.o(i.EXTI0_IRQHandler) for EXTI0_IRQHandler
    startup_stm32f10x_md.o(RESET) refers to eint.o(i.EXTI9_5_IRQHandler) for EXTI9_5_IRQHandler
    startup_stm32f10x_md.o(RESET) refers to usart1.o(i.USART1_IRQHandler) for USART1_IRQHandler
    startup_stm32f10x_md.o(RESET) refers to usart2.o(i.USART2_IRQHandler) for USART2_IRQHandler
    startup_stm32f10x_md.o(.text) refers (Special) to heapauxi.o(.text) for __use_two_region_memory
    startup_stm32f10x_md.o(.text) refers to system_stm32f10x.o(i.SystemInit) for SystemInit
    startup_stm32f10x_md.o(.text) refers to __main.o(!!!main) for __main
    startup_stm32f10x_md.o(.text) refers to startup_stm32f10x_md.o(HEAP) for Heap_Mem
    startup_stm32f10x_md.o(.text) refers to startup_stm32f10x_md.o(STACK) for Stack_Mem
    stm32f10x_rcc.o(i.RCC_GetClocksFreq) refers to stm32f10x_rcc.o(.data) for APBAHBPrescTable
    stm32f10x_rcc.o(i.RCC_WaitForHSEStartUp) refers to stm32f10x_rcc.o(i.RCC_GetFlagStatus) for RCC_GetFlagStatus
    stm32f10x_gpio.o(i.GPIO_AFIODeInit) refers to stm32f10x_rcc.o(i.RCC_APB2PeriphResetCmd) for RCC_APB2PeriphResetCmd
    stm32f10x_gpio.o(i.GPIO_DeInit) refers to stm32f10x_rcc.o(i.RCC_APB2PeriphResetCmd) for RCC_APB2PeriphResetCmd
    stm32f10x_usart.o(i.USART_DeInit) refers to stm32f10x_rcc.o(i.RCC_APB2PeriphResetCmd) for RCC_APB2PeriphResetCmd
    stm32f10x_usart.o(i.USART_DeInit) refers to stm32f10x_rcc.o(i.RCC_APB1PeriphResetCmd) for RCC_APB1PeriphResetCmd
    stm32f10x_usart.o(i.USART_Init) refers to stm32f10x_rcc.o(i.RCC_GetClocksFreq) for RCC_GetClocksFreq
    stm32f10x_adc.o(i.ADC_DeInit) refers to stm32f10x_rcc.o(i.RCC_APB2PeriphResetCmd) for RCC_APB2PeriphResetCmd
    stm32f10x_bkp.o(i.BKP_DeInit) refers to stm32f10x_rcc.o(i.RCC_BackupResetCmd) for RCC_BackupResetCmd
    stm32f10x_pwr.o(i.PWR_DeInit) refers to stm32f10x_rcc.o(i.RCC_APB1PeriphResetCmd) for RCC_APB1PeriphResetCmd
    stm32f10x_rtc.o(i.RTC_SetAlarm) refers to stm32f10x_rtc.o(i.RTC_EnterConfigMode) for RTC_EnterConfigMode
    stm32f10x_rtc.o(i.RTC_SetAlarm) refers to stm32f10x_rtc.o(i.RTC_ExitConfigMode) for RTC_ExitConfigMode
    stm32f10x_rtc.o(i.RTC_SetCounter) refers to stm32f10x_rtc.o(i.RTC_EnterConfigMode) for RTC_EnterConfigMode
    stm32f10x_rtc.o(i.RTC_SetCounter) refers to stm32f10x_rtc.o(i.RTC_ExitConfigMode) for RTC_ExitConfigMode
    stm32f10x_rtc.o(i.RTC_SetPrescaler) refers to stm32f10x_rtc.o(i.RTC_EnterConfigMode) for RTC_EnterConfigMode
    stm32f10x_rtc.o(i.RTC_SetPrescaler) refers to stm32f10x_rtc.o(i.RTC_ExitConfigMode) for RTC_ExitConfigMode
    led.o(i.led_init) refers to stm32f10x_rcc.o(i.RCC_APB2PeriphClockCmd) for RCC_APB2PeriphClockCmd
    led.o(i.led_init) refers to stm32f10x_gpio.o(i.GPIO_Init) for GPIO_Init
    buzzer.o(i.buzzer_init) refers to stm32f10x_rcc.o(i.RCC_APB2PeriphClockCmd) for RCC_APB2PeriphClockCmd
    buzzer.o(i.buzzer_init) refers to stm32f10x_gpio.o(i.GPIO_Init) for GPIO_Init
    button.o(i.button_init) refers to stm32f10x_rcc.o(i.RCC_APB2PeriphClockCmd) for RCC_APB2PeriphClockCmd
    button.o(i.button_init) refers to stm32f10x_gpio.o(i.GPIO_Init) for GPIO_Init
    delay.o(i.delay_init) refers to misc.o(i.SysTick_CLKSourceConfig) for SysTick_CLKSourceConfig
    delay.o(i.delay_init) refers to delay.o(.data) for fac_us
[...]
    .text                                    0x08000560   Section        0  heapauxi.o(.text)
    .text                                    0x08000566   Section        2  use_no_semi.o(.text)
    .text                                    0x08000568   Section        8  rt_errno_addr_intlibspace.o(.text)
    .text                                    0x08000570   Section        0  _printf_intcommon.o(.text)
    .text                                    0x08000622   Section        0  _printf_fp_dec.o(.text)
    _fp_digits                               0x08000625   Thumb Code   428  _printf_fp_dec.o(.text)
    .text                                    0x08000a3c   Section        0  _printf_char_common.o(.text)
    _printf_input_char                       0x08000a3d   Thumb Code    10  _printf_char_common.o(.text)
    .text                                    0x08000a6c   Section        0  _sputc.o(.text)
    .text                                    0x08000a76   Section        0  strtol.o(.text)
    .text                                    0x08000ae8   Section        8  libspace.o(.text)
    .text                                    0x08000af0   Section       16  rt_ctype_table.o(.text)
    .text                                    0x08000b00   Section        8  rt_locale_intlibspace.o(.text)
    .text                                    0x08000b08   Section      138  lludiv10.o(.text)
    .text                                    0x08000b94   Section        0  _printf_fp_infnan.o(.text)
    .text                                    0x08000c14   Section        0  _strtoul.o(.text)
    .text                                    0x08000cb4   Section        0  bigflt0.o(.text)
    .text                                    0x08000d90   Section       74  sys_stackheap_outer.o(.text)
    .text                                    0x08000dda   Section        0  _chval.o(.text)
    .text                                    0x08000df6   Section        0  exit.o(.text)
    CL$$btod_d2e                             0x08000e08   Section       62  btod.o(CL$$btod_d2e)
    CL$$btod_d2e_denorm_low                  0x08000e46   Section       70  btod.o(CL$$btod_d2e_denorm_low)
    CL$$btod_d2e_norm_op1                    0x08000e8c   Section       96  btod.o(CL$$btod_d2e_norm_op1)
    CL$$btod_div_common                      0x08000eec   Section      824  btod.o(CL$$btod_div_common)
    CL$$btod_e2e                             0x08001224   Section      198  btod.o(CL$$btod_e2e)
    CL$$btod_ediv                            0x080012ea   Section       40  btod.o(CL$$btod_ediv)
    CL$$btod_emul                            0x08001312   Section       40  btod.o(CL$$btod_emul)
    CL$$btod_mult_common                     0x0800133a   Section      580  btod.o(CL$$btod_mult_common)
    i.ADC_ClearFlag                          0x0800157e   Section        0  stm32f10x_adc.o(i.ADC_ClearFlag)
    i.ADC_Cmd                                0x08001584   Section        0  stm32f10x_adc.o(i.ADC_Cmd)
    i.ADC_GetCalibrationStatus               0x0800159a   Section        0  stm32f10x_adc.o(i.ADC_GetCalibrationStatus)
    i.ADC_GetConversionValue                 0x080015ae   Section        0  stm32f10x_adc.o(i.ADC_GetConversionValue)
    i.ADC_GetFlagStatus                      0x080015b6   Section        0  stm32f10x_adc.o(i.ADC_GetFlagStatus)
    i.ADC_GetResetCalibrationStatus          0x080015c8   Section        0  stm32f10x_adc.o(i.ADC_GetResetCalibrationStatus)
    i.ADC_Init                               0x080015dc   Section        0  stm32f10x_adc.o(i.ADC_Init)
    i.ADC_RegularChannelConfig               0x0800162c   Section        0  stm32f10x_adc.o(i.ADC_RegularChannelConfig)
    i.ADC_ResetCalibration                   0x080016e4   Section        0  stm32f10x_adc.o(i.ADC_ResetCalibration)
    i.ADC_SoftwareStartConvCmd               0x080016ee   Section        0  stm32f10x_adc.o(i.ADC_SoftwareStartConvCmd)
    i.ADC_StartCalibration                   0x08001704   Section        0  stm32f10x_adc.o(i.ADC_StartCalibration)
    i.BKP_DeInit                             0x0800170e   Section        0  stm32f10x_bkp.o(i.BKP_DeInit)
    i.BKP_ReadBackupRegister                 0x08001720   Section        0  stm32f10x_bkp.o(i.BKP_ReadBackupRegister)
    i.BKP_WriteBackupRegister                0x0800173c   Section        0  stm32f10x_bkp.o(i.BKP_WriteBackupRegister)
    i.BusFault_Handler                       0x08001758   Section        0  stm32f10x_it.o(i.BusFault_Handler)
    i.DebugMon_Handler                       0x0800175c   Section        0  stm32f10x_it.o(i.DebugMon_Handler)
    i.EXTI0_IRQHandler                       0x08001760   Section        0  eint.o(i.EXTI0_IRQHandler)
    i.EXTI9_5_IRQHandler                     0x08001774   Section        0  eint.o(i.EXTI9_5_IRQHandler)
    i.EXTI_ClearITPendingBit                 0x080017b4   Section        0  stm32f10x_exti.o(i.EXTI_ClearITPendingBit)
    i.EXTI_GetITStatus                       0x080017c0   Section        0  stm32f10x_exti.o(i.EXTI_GetITStatus)
    i.EXTI_Init                              0x080017e8   Section        0  stm32f10x_exti.o(i.EXTI_Init)
    i.GPIO_EXTILineConfig                    0x0800187c   Section        0  stm32f10x_gpio.o(i.GPIO_EXTILineConfig)
    i.GPIO_Init                              0x080018bc   Section        0  stm32f10x_gpio.o(i.GPIO_Init)
    i.GPIO_PinRemapConfig                    0x080019d4   Section        0  stm32f10x_gpio.o(i.GPIO_PinRemapConfig)
    i.HardFault_Handler                      0x08001a64   Section        0  stm32f10x_it.o(i.HardFault_Handler)
    i.IIC_Ack                                0x08001a68   Section        0  gpio_iic.o(i.IIC_Ack)
    i.IIC_Init                               0x08001aa0   Section        0  gpio_iic.o(i.IIC_Init)
    i.IIC_NAck                               0x08001b0c   Section        0  gpio_iic.o(i.IIC_NAck)
    i.IIC_Recv_Byte                          0x08001b44   Section        0  gpio_iic.o(i.IIC_Recv_Byte)
    i.IIC_Sda_In                             0x08001ba4   Section        0  gpio_iic.o(i.IIC_Sda_In)
    i.IIC_Sda_Out                            0x08001bb8   Section        0  gpio_iic.o(i.IIC_Sda_Out)
    i.IIC_Send_Byte                          0x08001bcc   Section        0  gpio_iic.o(i.IIC_Send_Byte)
    i.IIC_Start                              0x08001c1c   Section        0  gpio_iic.o(i.IIC_Start)
    i.IIC_Stop                               0x08001c54   Section        0  gpio_iic.o(i.IIC_Stop)
    i.IIC_Wait_Ack                           0x08001c90   Section        0  gpio_iic.o(i.IIC_Wait_Ack)
    i.MemManage_Handler                      0x08001cdc   Section        0  stm32f10x_it.o(i.MemManage_Handler)
    i.NMI_Handler                            0x08001ce0   Section        0  stm32f10x_it.o(i.NMI_Handler)
    i.NVIC_Init                              0x08001ce4   Section        0  misc.o(i.NVIC_Init)
    i.NVIC_PriorityGroupConfig               0x08001d54   Section        0  misc.o(i.NVIC_PriorityGroupConfig)
    i.OLED_Clear                             0x08001d68   Section        0  oled.o(i.OLED_Clear)
    i.OLED_Init                              0x08001da8   Section        0  oled.o(i.OLED_Init)
    i.OLED_WR_Byte                           0x08001e60   Section        0  oled.o(i.OLED_WR_Byte)
    i.PWR_BackupAccessCmd                    0x08001e78   Section        0  stm32f10x_pwr.o(i.PWR_BackupAccessCmd)
    i.PendSV_Handler                         0x08001e84   Section        0  stm32f10x_it.o(i.PendSV_Handler)
    i.RCC_APB1PeriphClockCmd                 0x08001e88   Section        0  stm32f10x_rcc.o(i.RCC_APB1PeriphClockCmd)
    i.RCC_APB2PeriphClockCmd                 0x08001ea8   Section        0  stm32f10x_rcc.o(i.RCC_APB2PeriphClockCmd)
    i.RCC_BackupResetCmd                     0x08001ec8   Section        0  stm32f10x_rcc.o(i.RCC_BackupResetCmd)
    i.RCC_GetClocksFreq                      0x08001ed4   Section        0  stm32f10x_rcc.o(i.RCC_GetClocksFreq)
    i.RCC_GetFlagStatus                      0x08001fa8   Section        0  stm32f10x_rcc.o(i.RCC_GetFlagStatus)
    i.RCC_LSEConfig                          0x08001fe4   Section        0  stm32f10x_rcc.o(i.RCC_LSEConfig)
    i.RCC_RTCCLKCmd                          0x08002018   Section        0  stm32f10x_rcc.o(i.RCC_RTCCLKCmd)
    i.RCC_RTCCLKConfig                       0x08002024   Section        0  stm32f10x_rcc.o(i.RCC_RTCCLKConfig)
    i.RTC_ClearITPendingBit                  0x08002034   Section        0  stm32f10x_rtc.o(i.RTC_ClearITPendingBit)
    i.RTC_EnterConfigMode                    0x08002044   Section        0  stm32f10x_rtc.o(i.RTC_EnterConfigMode)
    i.RTC_ExitConfigMode                     0x08002058   Section        0  stm32f10x_rtc.o(i.RTC_ExitConfigMode)
    i.RTC_GetCounter                         0x0800206c   Section        0  stm32f10x_rtc.o(i.RTC_GetCounter)
    i.RTC_GetITStatus                        0x08002080   Section        0  stm32f10x_rtc.o(i.RTC_GetITStatus)
    i.RTC_IRQHandler                         0x080020a4   Section        0  rtc.o(i.RTC_IRQHandler)
    i.RTC_ITConfig                           0x080020c4   Section        0  stm32f10x_rtc.o(i.RTC_ITConfig)
    i.RTC_SetCounter                         0x080020e4   Section        0  stm32f10x_rtc.o(i.RTC_SetCounter)
    i.RTC_SetPrescaler                       0x08002100   Section        0  stm32f10x_rtc.o(i.RTC_SetPrescaler)
    i.RTC_WaitForLastTask                    0x08002120   Section        0  stm32f10x_rtc.o(i.RTC_WaitForLastTask)
    i.RTC_WaitForSynchro                     0x08002134   Section        0  stm32f10x_rtc.o(i.RTC_WaitForSynchro)
    i.SVC_Handler                            0x08002158   Section        0  stm32f10x_it.o(i.SVC_Handler)
    i.SetSysClock                            0x0800215a   Section        0  system_stm32f10x.o(i.SetSysClock)
    SetSysClock                              0x0800215b   Thumb Code     8  system_stm32f10x.o(i.SetSysClock)
    i.SetSysClockTo72                        0x08002164   Section        0  system_stm32f10x.o(i.SetSysClockTo72)
    SetSysClockTo72                          0x08002165   Thumb Code   214  system_stm32f10x.o(i.SetSysClockTo72)
    i.SysTick_CLKSourceConfig                0x08002244   Section        0  misc.o(i.SysTick_CLKSourceConfig)
    i.SysTick_Handler                        0x0800226c   Section        0  stm32f10x_it.o(i.SysTick_Handler)
    i.SystemInit                             0x08002270   Section        0  system_stm32f10x.o(i.SystemInit)
    i.USART1_IRQHandler                      0x080022d0   Section        0  usart1.o(i.USART1_IRQHandler)
    i.USART2_IRQHandler                      0x08002304   Section        0  usart2.o(i.USART2_IRQHandler)
    i.USART_ClearFlag                        0x08002334   Section        0  stm32f10x_usart.o(i.USART_ClearFlag)
    i.USART_ClearITPendingBit                0x08002346   Section        0  stm32f10x_usart.o(i.USART_ClearITPendingBit)
    i.USART_Cmd                              0x08002364   Section        0  stm32f10x_usart.o(i.USART_Cmd)
    i.USART_GetFlagStatus                    0x0800237c   Section        0  stm32f10x_usart.o(i.USART_GetFlagStatus)
    i.USART_GetITStatus                      0x08002396   Section        0  stm32f10x_usart.o(i.USART_GetITStatus)
    i.USART_ITConfig                         0x080023ea   Section        0  stm32f10x_usart.o(i.USART_ITConfig)
    i.USART_Init                             0x08002434   Section        0  stm32f10x_usart.o(i.USART_Init)
    i.USART_ReceiveData                      0x0800250c   Section        0  stm32f10x_usart.o(i.USART_ReceiveData)
    i.USART_SendData                         0x08002516   Section        0  stm32f10x_usart.o(i.USART_SendData)
    i.UsageFault_Handler                     0x0800251e   Section        0  stm32f10x_it.o(i.UsageFault_Handler)
    i.Write_IIC_Command                      0x08002522   Section        0  oled.o(i.Write_IIC_Command)
    i.Write_IIC_Data                         0x0800254e   Section        0  oled.o(i.Write_IIC_Data)
    i.__ARM_fpclassify                       0x0800257a   Section        0  fpclassify.o(i.__ARM_fpclassify)
    i._is_digit                              0x080025a2   Section        0  __printf_wp.o(i._is_digit)
    i._sys_exit                              0x080025b0   Section        0  usart1.o(i._sys_exit)
    i.adj_res_init                           0x080025b4   Section        0  adj_res.o(i.adj_res_init)
    i.button_init                            0x08002640   Section        0  button.o(i.button_init)
    i.buzzer_init                            0x08002680   Section        0  buzzer.o(i.buzzer_init)
    i.buzzer_off                             0x080026b4   Section        0  buzzer.o(i.buzzer_off)
    i.buzzer_on                              0x080026c0   Section        0  buzzer.o(i.buzzer_on)
    i.conv_time                              0x080026cc   Section        0  rtc.o(i.conv_time)
    i.dataHandler                            0x080027b4   Section        0  esp8266.o(i.dataHandler)
    i.delay_init                             0x08002908   Section        0  delay.o(i.delay_init)
    i.delay_ms                               0x0800293c   Section        0  delay.o(i.delay_ms)
    i.delay_us                               0x08002974   Section        0  delay.o(i.delay_us)
    i.delay_xms                              0x080029c0   Section        0  delay.o(i.delay_xms)
    i.dht_init                               0x08002a0c   Section        0  dht.o(i.dht_init)
    i.dht_input_status                       0x08002a18   Section        0  dht.o(i.dht_input_status)
    dht_input_status                         0x08002a19   Thumb Code    12  dht.o(i.dht_input_status)
    i.dht_output_status                      0x08002a28   Section        0  dht.o(i.dht_output_status)
    dht_output_status                        0x08002a29   Thumb Code    26  dht.o(i.dht_output_status)
    i.digit_show_data                        0x08002a48   Section        0  ldt.o(i.digit_show_data)
    i.eeprom_init                            0x08002ae4   Section        0  eeprom.o(i.eeprom_init)
    i.eeprom_rand_read                       0x08002aec   Section        0  eeprom.o(i.eeprom_rand_read)
    i.eint_init                              0x08002b2c   Section        0  eint.o(i.eint_init)
    i.esp8266_init                           0x08002be0   Section        0  esp8266.o(i.esp8266_init)
    i.esp8266_link_wifi                      0x08002be8   Section        0  esp8266.o(i.esp8266_link_wifi)
    i.esp8266_send_udp                       0x08002c9c   Section        0  esp8266.o(i.esp8266_send_udp)
    i.esp8266_setup_udp                      0x08002d1c   Section        0  esp8266.o(i.esp8266_setup_udp)
    i.get_adj_res_value                      0x08002ddc   Section        0  adj_res.o(i.get_adj_res_value)
    i.get_dht_value                          0x08002e08   Section        0  dht.o(i.get_dht_value)
    i.hc138_out_data                         0x08002ebc   Section        0  ldt.o(i.hc138_out_data)
    i.hc595_send_data                        0x08002f2c   Section        0  ldt.o(i.hc595_send_data)
    i.isLeapYear                             0x08002f7c   Section        0  rtc.o(i.isLeapYear)
    isLeapYear                               0x08002f7d   Thumb Code    52  rtc.o(i.isLeapYear)
    i.ldt_init                               0x08002fb0   Section        0  ldt.o(i.ldt_init)
    i.led_init                               0x0800300c   Section        0  led.o(i.led_init)
    i.led_off                                0x08003050   Section        0  led.o(i.led_off)
    i.led_on                                 0x08003080   Section        0  led.o(i.led_on)
    i.main                                   0x080030b0   Section        0  main.o(i.main)
    i.picture_1                              0x08003278   Section        0  oled.o(i.picture_1)
    i.recv_handler                           0x080032c4   Section        0  main.o(i.recv_handler)
    i.rtc_config                             0x08003300   Section        0  rtc.o(i.rtc_config)
    i.rtc_init                               0x0800336c   Section        0  rtc.o(i.rtc_init)
    i.set_dht_gpio_input                     0x080033cc   Section        0  dht.o(i.set_dht_gpio_input)
    set_dht_gpio_input                       0x080033cd   Thumb Code    24  dht.o(i.set_dht_gpio_input)
    i.set_dht_gpio_output                    0x080033e8   Section        0  dht.o(i.set_dht_gpio_output)
    set_dht_gpio_output                      0x080033e9   Thumb Code    30  dht.o(i.set_dht_gpio_output)
    i.set_time                               0x0800340c   Section        0  rtc.o(i.set_time)
    i.set_wifi_recv_handler                  0x080034d4   Section        0  esp8266.o(i.set_wifi_recv_handler)
    i.sht_init                               0x080034e0   Section        0  sht.o(i.sht_init)
    i.sht_read_data                          0x080034e8   Section        0  sht.o(i.sht_read_data)
    i.sht_write_mode                         0x080035bc   Section        0  sht.o(i.sht_write_mode)
    i.sht_write_read_cmd                     0x080035f8   Section        0  sht.o(i.sht_write_read_cmd)
    i.usart_1_init                           0x08003630   Section        0  usart1.o(i.usart_1_init)
    i.usart_2_init                           0x080036dc   Section        0  usart2.o(i.usart_2_init)
    i.usart_2_send_byte                      0x0800378c   Section        0  usart2.o(i.usart_2_send_byte)
    i.usart_2_send_data                      0x080037b4   Section        0  usart2.o(i.usart_2_send_data)
    locale$$code                             0x080037cc   Section       44  lc_numeric_c.o(locale$$code)
    locale$$code                             0x080037f8   Section       44  lc_ctype_c.o(locale$$code)
    x$fpl$dadd                               0x08003824   Section      336  daddsub_clz.o(x$fpl$dadd)
    _dadd1                                   0x08003835   Thumb Code     0  daddsub_clz.o(x$fpl$dadd)
    x$fpl$ddiv                               0x08003974   Section      688  ddiv.o(x$fpl$ddiv)
    ddiv_entry                               0x0800397b   Thumb Code     0  ddiv.o(x$fpl$ddiv)
    x$fpl$dfltu                              0x08003c24   Section       38  dflt_clz.o(x$fpl$dfltu)
    x$fpl$dmul                               0x08003c4c   Section      340  dmul.o(x$fpl$dmul)
    x$fpl$dnaninf                            0x08003da0   Section      156  dnaninf.o(x$fpl$dnaninf)
    x$fpl$dretinf                            0x08003e3c   Section       12  dretinf.o(x$fpl$dretinf)
    x$fpl$dsub                               0x08003e48   Section      468  daddsub_clz.o(x$fpl$dsub)
    _dsub1                                   0x08003e59   Thumb Code     0  daddsub_clz.o(x$fpl$dsub)
    x$fpl$printf1                            0x0800401c   Section        4  printf1.o(x$fpl$printf1)
    .constdata                               0x08004020   Section       12  rtc.o(.constdata)
    x$fpl$usenofp                            0x08004020   Section        0  usenofp.o(x$fpl$usenofp)
    .constdata                               0x0800402c   Section       28  main.o(.constdata)
    .constdata                               0x08004048   Section       17  __printf_flags_wp.o(.constdata)
    maptable                                 0x08004048   Data          17  __printf_flags_wp.o(.constdata)
    .constdata                               0x0800405c   Section      148  bigflt0.o(.constdata)
    tenpwrs_x                                0x0800405c   Data          60  bigflt0.o(.constdata)
    tenpwrs_i                                0x08004098   Data          64  bigflt0.o(.constdata)
    .conststring                             0x080040f0   Section       71  main.o(.conststring)
    locale$$data                             0x08004158   Section       28  lc_numeric_c.o(locale$$data)
    __lcnum_c_name                           0x0800415c   Data           2  lc_numeric_c.o(locale$$data)
    __lcnum_c_start                          0x08004164   Data           0  lc_numeric_c.o(locale$$data)
    __lcnum_c_point                          0x08004170   Data           0  lc_numeric_c.o(locale$$data)
    __lcnum_c_thousands                      0x08004172   Data           0  lc_numeric_c.o(locale$$data)
    __lcnum_c_grouping                       0x08004173   Data           0  lc_numeric_c.o(locale$$data)
    locale$$data                             0x08004174   Section      272  lc_ctype_c.o(locale$$data)
    __lcnum_c_end                            0x08004174   Data           0  lc_numeric_c.o(locale$$data)
    __lcctype_c_name                         0x08004178   Data           2  lc_ctype_c.o(locale$$data)
    __lcctype_c_start                        0x08004180   Data           0  lc_ctype_c.o(locale$$data)
    __lcctype_c_end                          0x08004284   Data           0  lc_ctype_c.o(locale$$data)
    .data                                    0x20000000   Section       20  stm32f10x_rcc.o(.data)
    APBAHBPrescTable                         0x20000000   Data          16  stm32f10x_rcc.o(.data)
    ADCPrescTable                            0x20000010   Data           4  stm32f10x_rcc.o(.data)
    .data                                    0x20000014   Section        4  delay.o(.data)
    fac_us                                   0x20000014   Data           1  delay.o(.data)
    fac_ms                                   0x20000016   Data           2  delay.o(.data)
    .data                                    0x20000018   Section       12  eint.o(.data)
    .data                                    0x20000024   Section       12  usart1.o(.data)
    .data                                    0x20000030   Section       12  gpio_iic.o(.data)
    .data                                    0x2000003c   Section     1344  oled.o(.data)
    .data                                    0x2000057c   Section       32  esp8266.o(.data)
    flag                                     0x2000057c   Data           4  esp8266.o(.data)
    ok_flag                                  0x20000580   Data           4  esp8266.o(.data)
    len                                      0x20000584   Data           4  esp8266.o(.data)
    data_flag                                0x20000588   Data           4  esp8266.o(.data)
    len_buf                                  0x20000590   Data           5  esp8266.o(.data)
    i                                        0x20000598   Data           4  esp8266.o(.data)
    .bss                                     0x2000059c   Section       28  rtc.o(.bss)
    T                                        0x2000059c   Data          28  rtc.o(.bss)
    .bss                                     0x200005b8   Section      512  esp8266.o(.bss)
    data_buf                                 0x200005b8   Data         512  esp8266.o(.bss)
    .bss                                     0x200007b8   Section       96  libspace.o(.bss)
    HEAP                                     0x20000818   Section      512  startup_stm32f10x_md.o(HEAP)
    Heap_Mem                                 0x20000818   Data         512  startup_stm32f10x_md.o(HEAP)
    STACK                                    0x20000a18   Section     1024  startup_stm32f10x_md.o(STACK)
    Stack_Mem                                0x20000a18   Data        1024  startup_stm32f10x_md.o(STACK)
    __initial_sp                             0x20000e18   Data           0  startup_stm32f10x_md.o(STACK)

    Global Symbols

    Symbol Name                              Value     Ov Type        Size  Object(Section)

    BuildAttributes$$THM_ISAv4$P$D$K$B$S$PE$A:L22UL41UL21$X:L11$S22US41US21$IEEE1$IW$USESV6$~STKCKD$USESV7$~SHL$OTIME$ROPI$IEEEJ$EBA8$UX$STANDARDLIB$REQ8$PRES8$EABIv2 0x00000000   Number         0  anon$$obj.o ABSOLUTE
    __ARM_use_no_argv                        0x00000000   Number         0  main.o ABSOLUTE
    _printf_flags                            0x00000000   Number         0  printf_stubs.o ABSOLUTE
    _printf_return_value                     0x00000000   Number         0  printf_stubs.o ABSOLUTE
    _printf_sizespec                         0x00000000   Number         0  printf_stubs.o ABSOLUTE
    _printf_widthprec                        0x00000000   Number         0  printf_stubs.o ABSOLUTE
    __ARM_exceptions_init                     - Undefined Weak Reference
    __alloca_initialize                       - Undefined Weak Reference
    __arm_preinit_                            - Undefined Weak Reference
    __cpp_initialize__aeabi_                  - Undefined Weak Reference
    __cxa_finalize                            - Undefined Weak Reference
    __sigvec_lookup                           - Undefined Weak Reference
    _atexit_init                              - Undefined Weak Reference
    _call_atexit_fns                          - Undefined Weak Reference
    _clock_init                               - Undefined Weak Reference
    _fp_trap_init                             - Undefined Weak Reference
    _fp_trap_shutdown                         - Undefined Weak Reference
    _get_lc_collate                           - Undefined Weak Reference
    _get_lc_monetary                          - Undefined Weak Reference
    _get_lc_time                              - Undefined Weak Reference
    _getenv_init                              - Undefined Weak Reference
    _handle_redirection                       - Undefined Weak Reference
    _init_alloc                               - Undefined Weak Reference
    _init_user_alloc                          - Undefined Weak Reference
    _initio                                   - Undefined Weak Reference
    _printf_truncate_signed                   - Undefined Weak Reference
    _printf_truncate_unsigned                 - Undefined Weak Reference
    _rand_init                                - Undefined Weak Reference
    _signal_finish                            - Undefined Weak Reference
    _signal_init                              - Undefined Weak Reference
    _terminate_alloc                          - Undefined Weak Reference
    _terminate_user_alloc                     - Undefined Weak Reference
    _terminateio                              - Undefined Weak Reference
    __Vectors_Size                           0x000000ec   Number         0  startup_stm32f10x_md.o ABSOLUTE
    __Vectors                                0x08000000   Data           4  startup_stm32f10x_md.o(RESET)
    __Vectors_End                            0x080000ec   Data           0  startup_stm32f10x_md.o(RESET)
    __main                                   0x080000ed   Thumb Code     8  __main.o(!!!main)
    __scatterload                            0x080000f5   Thumb Code     0  __scatter.o(!!!scatter)
    __scatterload_rt2                        0x080000f5   Thumb Code    44  __scatter.o(!!!scatter)
    __scatterload_rt2_thumb_only             0x080000f5   Thumb Code     0  __scatter.o(!!!scatter)
    __scatterload_null                       0x08000103   Thumb Code     0  __scatter.o(!!!scatter)
    __decompress                             0x08000129   Thumb Code    90  __dczerorl2.o(!!dczerorl2)
    __decompress1                            0x08000129   Thumb Code     0  __dczerorl2.o(!!dczerorl2)
    __scatterload_zeroinit                   0x08000185   Thumb Code    28  __scatter_zi.o(!!handler_zi)
    _printf_f                                0x080001a1   Thumb Code     0  _printf_f.o(.ARM.Collect$$_printf_percent$$00000003)
    _printf_percent                          0x080001a1   Thumb Code     0  _printf_percent.o(.ARM.Collect$$_printf_percent$$00000000)
    _printf_d                                0x080001a7   Thumb Code     0  _printf_d.o(.ARM.Collect$$_printf_percent$$00000009)
    _printf_percent_end                      0x080001ad   Thumb Code     0  _printf_percent_end.o(.ARM.Collect$$_printf_percent$$00000017)
    __rt_lib_init                            0x080001b1   Thumb Code     0  libinit.o(.ARM.Collect$$libinit$$00000000)
    __rt_lib_init_fp_1                       0x080001b3   Thumb Code     0  libinit2.o(.ARM.Collect$$libinit$$00000002)
    __rt_lib_init_heap_1                     0x080001b3   Thumb Code     0  libinit2.o(.ARM.Collect$$libinit$$0000000A)
    __rt_lib_init_lc_common                  0x080001b3   Thumb Code     0  libinit2.o(.ARM.Collect$$libinit$$0000000F)
    __rt_lib_init_preinit_1                  0x080001b3   Thumb Code     0  libinit2.o(.ARM.Collect$$libinit$$00000004)
    __rt_lib_init_rand_1                     0x080001b3   Thumb Code     0  libinit2.o(.ARM.Collect$$libinit$$0000000E)
    __rt_lib_init_user_alloc_1               0x080001b3   Thumb Code     0  libinit2.o(.ARM.Collect$$libinit$$0000000C)
    __rt_lib_init_lc_collate_1               0x080001b9   Thumb Code     0  libinit2.o(.ARM.Collect$$libinit$$00000011)
    __rt_lib_init_lc_ctype_2                 0x080001b9   Thumb Code     0  libinit2.o(.ARM.Collect$$libinit$$00000012)
    __rt_lib_init_lc_ctype_1                 0x080001c5   Thumb Code     0  libinit2.o(.ARM.Collect$$libinit$$00000013)
    __rt_lib_init_lc_monetary_1              0x080001c5   Thumb Code     0  libinit2.o(.ARM.Collect$$libinit$$00000015)
    __rt_lib_init_lc_numeric_2               0x080001c5   Thumb Code     0  libinit2.o(.ARM.Collect$$libinit$$00000016)
    __rt_lib_init_alloca_1                   0x080001cf   Thumb Code     0  libinit2.o(.ARM.Collect$$libinit$$0000002E)
    __rt_lib_init_argv_1                     0x080001cf   Thumb Code     0  libinit2.o(.ARM.Collect$$libinit$$0000002C)
    __rt_lib_init_atexit_1                   0x080001cf   Thumb Code     0  libinit2.o(.ARM.Collect$$libinit$$0000001B)
    __rt_lib_init_clock_1                    0x080001cf   Thumb Code     0  libinit2.o(.ARM.Collect$$libinit$$00000021)
    __rt_lib_init_cpp_1                      0x080001cf   Thumb Code     0  libinit2.o(.ARM.Collect$$libinit$$00000032)
    __rt_lib_init_exceptions_1               0x080001cf   Thumb Code     0  libinit2.o(.ARM.Collect$$libinit$$00000030)
    __rt_lib_init_fp_trap_1                  0x080001cf   Thumb Code     0  libinit2.o(.ARM.Collect$$libinit$$0000001F)
    __rt_lib_init_getenv_1                   0x080001cf   Thumb Code     0  libinit2.o(.ARM.Collect$$libinit$$00000023)
    __rt_lib_init_lc_numeric_1               0x080001cf   Thumb Code     0  libinit2.o(.ARM.Collect$$libinit$$00000017)
    __rt_lib_init_lc_time_1                  0x080001cf   Thumb Code     0  libinit2.o(.ARM.Collect$$libinit$$00000019)
    __rt_lib_init_return                     0x080001cf   Thumb Code     0  libinit2.o(.ARM.Collect$$libinit$$00000033)
    __rt_lib_init_signal_1                   0x080001cf   Thumb Code     0  libinit2.o(.ARM.Collect$$libinit$$0000001D)
    __rt_lib_init_stdio_1                    0x080001cf   Thumb Code     0  libinit2.o(.ARM.Collect$$libinit$$00000025)
    __rt_lib_shutdown                        0x080001d1   Thumb Code     0  libshutdown.o(.ARM.Collect$$libshutdown$$00000000)
    __rt_lib_shutdown_cpp_1                  0x080001d3   Thumb Code     0  libshutdown2.o(.ARM.Collect$$libshutdown$$00000002)
    __rt_lib_shutdown_fp_trap_1              0x080001d3   Thumb Code     0  libshutdown2.o(.ARM.Collect$$libshutdown$$00000007)
    __rt_lib_shutdown_heap_1                 0x080001d3   Thumb Code     0  libshutdown2.o(.ARM.Collect$$libshutdown$$0000000F)
    __rt_lib_shutdown_return                 0x080001d3   Thumb Code     0  libshutdown2.o(.ARM.Collect$$libshutdown$$00000010)
    __rt_lib_shutdown_signal_1               0x080001d3   Thumb Code     0  libshutdown2.o(.ARM.Collect$$libshutdown$$0000000A)
    __rt_lib_shutdown_stdio_1                0x080001d3   Thumb Code     0  libshutdown2.o(.ARM.Collect$$libshutdown$$00000004)
    __rt_lib_shutdown_user_alloc_1           0x080001d3   Thumb Code     0  libshutdown2.o(.ARM.Collect$$libshutdown$$0000000C)
    __rt_entry                               0x080001d5   Thumb Code     0  __rtentry.o(.ARM.Collect$$rtentry$$00000000)
    __rt_entry_presh_1                       0x080001d5   Thumb Code     0  __rtentry2.o(.ARM.Collect$$rtentry$$00000002)
    __rt_entry_sh                            0x080001d5   Thumb Code     0  __rtentry4.o(.ARM.Collect$$rtentry$$00000004)
    __rt_entry_li                            0x080001db   Thumb Code     0  __rtentry2.o(.ARM.Collect$$rtentry$$0000000A)
    __rt_entry_postsh_1                      0x080001db   Thumb Code     0  __rtentry2.o(.ARM.Collect$$rtentry$$00000009)
    __rt_entry_main                          0x080001df   Thumb Code     0  __rtentry2.o(.ARM.Collect$$rtentry$$0000000D)
    __rt_entry_postli_1                      0x080001df   Thumb Code     0  __rtentry2.o(.ARM.Collect$$rtentry$$0000000C)
    __rt_exit                                0x080001e7   Thumb Code     0  rtexit.o(.ARM.Collect$$rtexit$$00000000)
    __rt_exit_ls                             0x080001e9   Thumb Code     0  rtexit2.o(.ARM.Collect$$rtexit$$00000003)
    __rt_exit_prels_1                        0x080001e9   Thumb Code     0  rtexit2.o(.ARM.Collect$$rtexit$$00000002)
    __rt_exit_exit                           0x080001ed   Thumb Code     0  rtexit2.o(.ARM.Collect$$rtexit$$00000004)
    Reset_Handler                            0x080001f5   Thumb Code     8  startup_stm32f10x_md.o(.text)
    ADC1_2_IRQHandler                        0x0800020f   Thumb Code     0  startup_stm32f10x_md.o(.text)
    CAN1_RX1_IRQHandler                      0x0800020f   Thumb Code     0  startup_stm32f10x_md.o(.text)
    CAN1_SCE_IRQHandler                      0x0800020f   Thumb Code     0  startup_stm32f10x_md.o(.text)
    DMA1_Channel1_IRQHandler                 0x0800020f   Thumb Code     0  startup_stm32f10x_md.o(.text)
    DMA1_Channel2_IRQHandler                 0x0800020f   Thumb Code     0  startup_stm32f10x_md.o(.text)
    DMA1_Channel3_IRQHandler                 0x0800020f   Thumb Code     0  startup_stm32f10x_md.o(.text)
    DMA1_Channel4_IRQHandler                 0x0800020f   Thumb Code     0  startup_stm32f10x_md.o(.text)
    DMA1_Channel5_IRQHandler                 0x0800020f   Thumb Code     0  startup_stm32f10x_md.o(.text)
    DMA1_Channel6_IRQHandler                 0x0800020f   Thumb Code     0  startup_stm32f10x_md.o(.text)
    DMA1_Channel7_IRQHandler                 0x0800020f   Thumb Code     0  startup_stm32f10x_md.o(.text)
    EXTI15_10_IRQHandler                     0x0800020f   Thumb Code     0  startup_stm32f10x_md.o(.text)
    EXTI1_IRQHandler                         0x0800020f   Thumb Code     0  startup_stm32f10x_md.o(.text)
    EXTI2_IRQHandler                         0x0800020f   Thumb Code     0  startup_stm32f10x_md.o(.text)
    EXTI3_IRQHandler                         0x0800020f   Thumb Code     0  startup_stm32f10x_md.o(.text)
    EXTI4_IRQHandler                         0x0800020f   Thumb Code     0  startup_stm32f10x_md.o(.text)
    FLASH_IRQHandler                         0x0800020f   Thumb Code     0  startup_stm32f10x_md.o(.text)
    I2C1_ER_IRQHandler                       0x0800020f   Thumb Code     0  startup_stm32f10x_md.o(.text)
    I2C1_EV_IRQHandler                       0x0800020f   Thumb Code     0  startup_stm32f10x_md.o(.text)
    I2C2_ER_IRQHandler                       0x0800020f   Thumb Code     0  startup_stm32f10x_md.o(.text)
    I2C2_EV_IRQHandler                       0x0800020f   Thumb Code     0  startup_stm32f10x_md.o(.text)
    PVD_IRQHandler                           0x0800020f   Thumb Code     0  startup_stm32f10x_md.o(.text)
    RCC_IRQHandler                           0x0800020f   Thumb Code     0  startup_stm32f10x_md.o(.text)
    RTCAlarm_IRQHandler                      0x0800020f   Thumb Code     0  startup_stm32f10x_md.o(.text)
    SPI1_IRQHandler                          0x0800020f   Thumb Code     0  startup_stm32f10x_md.o(.text)
    SPI2_IRQHandler                          0x0800020f   Thumb Code     0  startup_stm32f10x_md.o(.text)
    TAMPER_IRQHandler                        0x0800020f   Thumb Code     0  startup_stm32f10x_md.o(.text)
    TIM1_BRK_IRQHandler                      0x0800020f   Thumb Code     0  startup_stm32f10x_md.o(.text)
    TIM1_CC_IRQHandler                       0x0800020f   Thumb Code     0  startup_stm32f10x_md.o(.text)
    TIM1_TRG_COM_IRQHandler                  0x0800020f   Thumb Code     0  startup_stm32f10x_md.o(.text)
    TIM1_UP_IRQHandler                       0x0800020f   Thumb Code     0  startup_stm32f10x_md.o(.text)
    TIM2_IRQHandler                          0x0800020f   Thumb Code     0  startup_stm32f10x_md.o(.text)
    TIM3_IRQHandler                          0x0800020f   Thumb Code     0  startup_stm32f10x_md.o(.text)
    TIM4_IRQHandler                          0x0800020f   Thumb Code     0  startup_stm32f10x_md.o(.text)
    USART3_IRQHandler                        0x0800020f   Thumb Code     0  startup_stm32f10x_md.o(.text)
    USBWakeUp_IRQHandler                     0x0800020f   Thumb Code     0  startup_stm32f10x_md.o(.text)
    USB_HP_CAN1_TX_IRQHandler                0x0800020f   Thumb Code     0  startup_stm32f10x_md.o(.text)
    USB_LP_CAN1_RX0_IRQHandler               0x0800020f   Thumb Code     0  startup_stm32f10x_md.o(.text)
    WWDG_IRQHandler                          0x0800020f   Thumb Code     0  startup_stm32f10x_md.o(.text)
    __user_initial_stackheap                 0x08000211   Thumb Code     0  startup_stm32f10x_md.o(.text)
    __use_no_semihosting                     0x08000235   Thumb Code     2  use_no_semi_2.o(.text)
    __2sprintf                               0x08000239   Thumb Code    34  noretval__2sprintf.o(.text)
    _printf_pre_padding                      0x08000261   Thumb Code    44  _printf_pad.o(.text)
    _printf_post_padding                     0x0800028d   Thumb Code    34  _printf_pad.o(.text)
    _printf_int_dec                          0x080002b1   Thumb Code   104  _printf_dec.o(.text)
    __printf                                 0x08000329   Thumb Code   308  __printf_flags_wp.o(.text)
    atoi                                     0x08000461   Thumb Code    26  atoi.o(.text)
    __aeabi_memcpy4                          0x0800047b   Thumb Code     0  rt_memcpy_w.o(.text)
    __aeabi_memcpy8                          0x0800047b   Thumb Code     0  rt_memcpy_w.o(.text)
    __rt_memcpy_w                            0x0800047b   Thumb Code   100  rt_memcpy_w.o(.text)
    _memcpy_lastbytes_aligned                0x080004c3   Thumb Code     0  rt_memcpy_w.o(.text)
    strcmp                                   0x080004e1   Thumb Code   128  strcmpv7m.o(.text)
    __use_two_region_memory                  0x08000561   Thumb Code     2  heapauxi.o(.text)
    __rt_heap_escrow$2region                 0x08000563   Thumb Code     2  heapauxi.o(.text)
    __rt_heap_expand$2region                 0x08000565   Thumb Code     2  heapauxi.o(.text)
    __I$use$semihosting                      0x08000567   Thumb Code     0  use_no_semi.o(.text)
    __use_no_semihosting_swi                 0x08000567   Thumb Code     2  use_no_semi.o(.text)
    __aeabi_errno_addr                       0x08000569   Thumb Code     8  rt_errno_addr_intlibspace.o(.text)
    __errno$intlibspace                      0x08000569   Thumb Code     0  rt_errno_addr_intlibspace.o(.text)
    __rt_errno_addr$intlibspace              0x08000569   Thumb Code     0  rt_errno_addr_intlibspace.o(.text)
    _printf_int_common                       0x08000571   Thumb Code   178  _printf_intcommon.o(.text)
    __lib_sel_fp_printf                      0x08000623   Thumb Code     2  _printf_fp_dec.o(.text)
    _printf_fp_dec_real                      0x080007d1   Thumb Code   620  _printf_fp_dec.o(.text)
    _printf_char_common                      0x08000a47   Thumb Code    32  _printf_char_common.o(.text)
    _sputc                                   0x08000a6d   Thumb Code    10  _sputc.o(.text)
    strtol                                   0x08000a77   Thumb Code   112  strtol.o(.text)
    __user_libspace                          0x08000ae9   Thumb Code     8  libspace.o(.text)
    __user_perproc_libspace                  0x08000ae9   Thumb Code     0  libspace.o(.text)
    __user_perthread_libspace                0x08000ae9   Thumb Code     0  libspace.o(.text)
    __rt_ctype_table                         0x08000af1   Thumb Code    16  rt_ctype_table.o(.text)
    __rt_locale                              0x08000b01   Thumb Code     8  rt_locale_intlibspace.o(.text)
    _ll_udiv10                               0x08000b09   Thumb Code   138  lludiv10.o(.text)
    _printf_fp_infnan                        0x08000b95   Thumb Code   112  _printf_fp_infnan.o(.text)
    _strtoul                                 0x08000c15   Thumb Code   158  _strtoul.o(.text)
    _btod_etento                             0x08000cb5   Thumb Code   216  bigflt0.o(.text)
    __user_setup_stackheap                   0x08000d91   Thumb Code    74  sys_stackheap_outer.o(.text)
    _chval                                   0x08000ddb   Thumb Code    28  _chval.o(.text)
    exit                                     0x08000df7   Thumb Code    18  exit.o(.text)
    _btod_d2e                                0x08000e09   Thumb Code    62  btod.o(CL$$btod_d2e)
    _d2e_denorm_low                          0x08000e47   Thumb Code    70  btod.o(CL$$btod_d2e_denorm_low)
    _d2e_norm_op1                            0x08000e8d   Thumb Code    96  btod.o(CL$$btod_d2e_norm_op1)
    __btod_div_common                        0x08000eed   Thumb Code   696  btod.o(CL$$btod_div_common)
    _e2e                                     0x08001225   Thumb Code   198  btod.o(CL$$btod_e2e)
    _btod_ediv                               0x080012eb   Thumb Code    40  btod.o(CL$$btod_ediv)
    _btod_emul                               0x08001313   Thumb Code    40  btod.o(CL$$btod_emul)
    __btod_mult_common                       0x0800133b   Thumb Code   580  btod.o(CL$$btod_mult_common)
    ADC_ClearFlag                            0x0800157f   Thumb Code     6  stm32f10x_adc.o(i.ADC_ClearFlag)
    ADC_Cmd                                  0x08001585   Thumb Code    22  stm32f10x_adc.o(i.ADC_Cmd)
    ADC_GetCalibrationStatus                 0x0800159b   Thumb Code    20  stm32f10x_adc.o(i.ADC_GetCalibrationStatus)
    ADC_GetConversionValue                   0x080015af   Thumb Code     8  stm32f10x_adc.o(i.ADC_GetConversionValue)
    ADC_GetFlagStatus                        0x080015b7   Thumb Code    18  stm32f10x_adc.o(i.ADC_GetFlagStatus)
    ADC_GetResetCalibrationStatus            0x080015c9   Thumb Code    20  stm32f10x_adc.o(i.ADC_GetResetCalibrationStatus)
    ADC_Init                                 0x080015dd   Thumb Code    70  stm32f10x_adc.o(i.ADC_Init)
    ADC_RegularChannelConfig                 0x0800162d   Thumb Code   184  stm32f10x_adc.o(i.ADC_RegularChannelConfig)
    ADC_ResetCalibration                     0x080016e5   Thumb Code    10  stm32f10x_adc.o(i.ADC_ResetCalibration)
    ADC_SoftwareStartConvCmd                 0x080016ef   Thumb Code    22  stm32f10x_adc.o(i.ADC_SoftwareStartConvCmd)
    ADC_StartCalibration                     0x08001705   Thumb Code    10  stm32f10x_adc.o(i.ADC_StartCalibration)
    BKP_DeInit                               0x0800170f   Thumb Code    16  stm32f10x_bkp.o(i.BKP_DeInit)
    BKP_ReadBackupRegister                   0x08001721   Thumb Code    24  stm32f10x_bkp.o(i.BKP_ReadBackupRegister)
    BKP_WriteBackupRegister                  0x0800173d   Thumb Code    22  stm32f10x_bkp.o(i.BKP_WriteBackupRegister)
    BusFault_Handler                         0x08001759   Thumb Code     4  stm32f10x_it.o(i.BusFault_Handler)
    DebugMon_Handler                         0x0800175d   Thumb Code     2  stm32f10x_it.o(i.DebugMon_Handler)
    EXTI0_IRQHandler                         0x08001761   Thumb Code    16  eint.o(i.EXTI0_IRQHandler)
    EXTI9_5_IRQHandler                       0x08001775   Thumb Code    56  eint.o(i.EXTI9_5_IRQHandler)
    EXTI_ClearITPendingBit                   0x080017b5   Thumb Code     6  stm32f10x_exti.o(i.EXTI_ClearITPendingBit)
    EXTI_GetITStatus                         0x080017c1   Thumb Code    34  stm32f10x_exti.o(i.EXTI_GetITStatus)
    EXTI_Init                                0x080017e9   Thumb Code   142  stm32f10x_exti.o(i.EXTI_Init)
    GPIO_EXTILineConfig                      0x0800187d   Thumb Code    60  stm32f10x_gpio.o(i.GPIO_EXTILineConfig)
    GPIO_Init                                0x080018bd   Thumb Code   278  stm32f10x_gpio.o(i.GPIO_Init)
    GPIO_PinRemapConfig                      0x080019d5   Thumb Code   138  stm32f10x_gpio.o(i.GPIO_PinRemapConfig)
    HardFault_Handler                        0x08001a65   Thumb Code     4  stm32f10x_it.o(i.HardFault_Handler)
    IIC_Ack                                  0x08001a69   Thumb Code    48  gpio_iic.o(i.IIC_Ack)
    IIC_Init                                 0x08001aa1   Thumb Code    82  gpio_iic.o(i.IIC_Init)
    IIC_NAck                                 0x08001b0d   Thumb Code    48  gpio_iic.o(i.IIC_NAck)
    IIC_Recv_Byte                            0x08001b45   Thumb Code    86  gpio_iic.o(i.IIC_Recv_Byte)
    IIC_Sda_In                               0x08001ba5   Thumb Code    12  gpio_iic.o(i.IIC_Sda_In)
    IIC_Sda_Out                              0x08001bb9   Thumb Code    12  gpio_iic.o(i.IIC_Sda_Out)
    IIC_Send_Byte                            0x08001bcd   Thumb Code    70  gpio_iic.o(i.IIC_Send_Byte)
    IIC_Start                                0x08001c1d   Thumb Code    46  gpio_iic.o(i.IIC_Start)
    IIC_Stop                                 0x08001c55   Thumb Code    50  gpio_iic.o(i.IIC_Stop)
    IIC_Wait_Ack                             0x08001c91   Thumb Code    68  gpio_iic.o(i.IIC_Wait_Ack)
    MemManage_Handler                        0x08001cdd   Thumb Code     4  stm32f10x_it.o(i.MemManage_Handler)
    NMI_Handler                              0x08001ce1   Thumb Code     2  stm32f10x_it.o(i.NMI_Handler)
    NVIC_Init                                0x08001ce5   Thumb Code   100  misc.o(i.NVIC_Init)
    NVIC_PriorityGroupConfig                 0x08001d55   Thumb Code    10  misc.o(i.NVIC_PriorityGroupConfig)
    OLED_Clear                               0x08001d69   Thumb Code    64  oled.o(i.OLED_Clear)
    OLED_Init                                0x08001da9   Thumb Code   184  oled.o(i.OLED_Init)
    OLED_WR_Byte                             0x08001e61   Thumb Code    24  oled.o(i.OLED_WR_Byte)
    PWR_BackupAccessCmd                      0x08001e79   Thumb Code     6  stm32f10x_pwr.o(i.PWR_BackupAccessCmd)
    PendSV_Handler                           0x08001e85   Thumb Code     2  stm32f10x_it.o(i.PendSV_Handler)
    RCC_APB1PeriphClockCmd                   0x08001e89   Thumb Code    26  stm32f10x_rcc.o(i.RCC_APB1PeriphClockCmd)
    RCC_APB2PeriphClockCmd                   0x08001ea9   Thumb Code    26  stm32f10x_rcc.o(i.RCC_APB2PeriphClockCmd)
    RCC_BackupResetCmd                       0x08001ec9   Thumb Code     6  stm32f10x_rcc.o(i.RCC_BackupResetCmd)
    RCC_GetClocksFreq                        0x08001ed5   Thumb Code   192  stm32f10x_rcc.o(i.RCC_GetClocksFreq)
    RCC_GetFlagStatus                        0x08001fa9   Thumb Code    56  stm32f10x_rcc.o(i.RCC_GetFlagStatus)
    RCC_LSEConfig                            0x08001fe5   Thumb Code    46  stm32f10x_rcc.o(i.RCC_LSEConfig)
    RCC_RTCCLKCmd                            0x08002019   Thumb Code     6  stm32f10x_rcc.o(i.RCC_RTCCLKCmd)
    RCC_RTCCLKConfig                         0x08002025   Thumb Code    12  stm32f10x_rcc.o(i.RCC_RTCCLKConfig)
    RTC_ClearITPendingBit                    0x08002035   Thumb Code    12  stm32f10x_rtc.o(i.RTC_ClearITPendingBit)
    RTC_EnterConfigMode                      0x08002045   Thumb Code    14  stm32f10x_rtc.o(i.RTC_EnterConfigMode)
    RTC_ExitConfigMode                       0x08002059   Thumb Code    16  stm32f10x_rtc.o(i.RTC_ExitConfigMode)
    RTC_GetCounter                           0x0800206d   Thumb Code    16  stm32f10x_rtc.o(i.RTC_GetCounter)
    RTC_GetITStatus                          0x08002081   Thumb Code    32  stm32f10x_rtc.o(i.RTC_GetITStatus)
    RTC_IRQHandler                           0x080020a5   Thumb Code    26  rtc.o(i.RTC_IRQHandler)
    RTC_ITConfig                             0x080020c5   Thumb Code    26  stm32f10x_rtc.o(i.RTC_ITConfig)
    RTC_SetCounter                           0x080020e5   Thumb Code    24  stm32f10x_rtc.o(i.RTC_SetCounter)
    RTC_SetPrescaler                         0x08002101   Thumb Code    26  stm32f10x_rtc.o(i.RTC_SetPrescaler)
    RTC_WaitForLastTask                      0x08002121   Thumb Code    16  stm32f10x_rtc.o(i.RTC_WaitForLastTask)
    RTC_WaitForSynchro                       0x08002135   Thumb Code    30  stm32f10x_rtc.o(i.RTC_WaitForSynchro)
    SVC_Handler                              0x08002159   Thumb Code     2  stm32f10x_it.o(i.SVC_Handler)
    SysTick_CLKSourceConfig                  0x08002245   Thumb Code    40  misc.o(i.SysTick_CLKSourceConfig)
    SysTick_Handler                          0x0800226d   Thumb Code     2  stm32f10x_it.o(i.SysTick_Handler)
    SystemInit                               0x08002271   Thumb Code    78  system_stm32f10x.o(i.SystemInit)
    USART1_IRQHandler                        0x080022d1   Thumb Code    44  usart1.o(i.USART1_IRQHandler)
    USART2_IRQHandler                        0x08002305   Thumb Code    42  usart2.o(i.USART2_IRQHandler)
    USART_ClearFlag                          0x08002335   Thumb Code    18  stm32f10x_usart.o(i.USART_ClearFlag)
    USART_ClearITPendingBit                  0x08002347   Thumb Code    30  stm32f10x_usart.o(i.USART_ClearITPendingBit)
    USART_Cmd                                0x08002365   Thumb Code    24  stm32f10x_usart.o(i.USART_Cmd)
    USART_GetFlagStatus                      0x0800237d   Thumb Code    26  stm32f10x_usart.o(i.USART_GetFlagStatus)
    USART_GetITStatus                        0x08002397   Thumb Code    84  stm32f10x_usart.o(i.USART_GetITStatus)
    USART_ITConfig                           0x080023eb   Thumb Code    74  stm32f10x_usart.o(i.USART_ITConfig)
    USART_Init                               0x08002435   Thumb Code   210  stm32f10x_usart.o(i.USART_Init)
    USART_ReceiveData                        0x0800250d   Thumb Code    10  stm32f10x_usart.o(i.USART_ReceiveData)
    USART_SendData                           0x08002517   Thumb Code     8  stm32f10x_usart.o(i.USART_SendData)
    UsageFault_Handler                       0x0800251f   Thumb Code     4  stm32f10x_it.o(i.UsageFault_Handler)
    Write_IIC_Command                        0x08002523   Thumb Code    44  oled.o(i.Write_IIC_Command)
    Write_IIC_Data                           0x0800254f   Thumb Code    44  oled.o(i.Write_IIC_Data)
    __ARM_fpclassify                         0x0800257b   Thumb Code    40  fpclassify.o(i.__ARM_fpclassify)
    _is_digit                                0x080025a3   Thumb Code    14  __printf_wp.o(i._is_digit)
    _sys_exit                                0x080025b1   Thumb Code     2  usart1.o(i._sys_exit)
    adj_res_init                             0x080025b5   Thumb Code   132  adj_res.o(i.adj_res_init)
    button_init                              0x08002641   Thumb Code    54  button.o(i.button_init)
    buzzer_init                              0x08002681   Thumb Code    44  buzzer.o(i.buzzer_init)
    buzzer_off                               0x080026b5   Thumb Code     8  buzzer.o(i.buzzer_off)
    buzzer_on                                0x080026c1   Thumb Code     8  buzzer.o(i.buzzer_on)
    conv_time                                0x080026cd   Thumb Code   224  rtc.o(i.conv_time)
    dataHandler                              0x080027b5   Thumb Code   308  esp8266.o(i.dataHandler)
    delay_init                               0x08002909   Thumb Code    42  delay.o(i.delay_init)
    delay_ms                                 0x0800293d   Thumb Code    56  delay.o(i.delay_ms)
    delay_us                                 0x08002975   Thumb Code    72  delay.o(i.delay_us)
    delay_xms                                0x080029c1   Thumb Code    72  delay.o(i.delay_xms)
    dht_init                                 0x08002a0d   Thumb Code    12  dht.o(i.dht_init)
    digit_show_data                          0x08002a49   Thumb Code   138  ldt.o(i.digit_show_data)
    eeprom_init                              0x08002ae5   Thumb Code     8  eeprom.o(i.eeprom_init)
    eeprom_rand_read                         0x08002aed   Thumb Code    64  eeprom.o(i.eeprom_rand_read)
    eint_init                                0x08002b2d   Thumb Code   172  eint.o(i.eint_init)
    esp8266_init                             0x08002be1   Thumb Code     8  esp8266.o(i.esp8266_init)
    esp8266_link_wifi                        0x08002be9   Thumb Code   120  esp8266.o(i.esp8266_link_wifi)
    esp8266_send_udp                         0x08002c9d   Thumb Code   108  esp8266.o(i.esp8266_send_udp)
    esp8266_setup_udp                        0x08002d1d   Thumb Code   134  esp8266.o(i.esp8266_setup_udp)
    get_adj_res_value                        0x08002ddd   Thumb Code    40  adj_res.o(i.get_adj_res_value)
    get_dht_value                            0x08002e09   Thumb Code   180  dht.o(i.get_dht_value)
    hc138_out_data                           0x08002ebd   Thumb Code   100  ldt.o(i.hc138_out_data)
    hc595_send_data                          0x08002f2d   Thumb Code    72  ldt.o(i.hc595_send_data)
    ldt_init                                 0x08002fb1   Thumb Code    76  ldt.o(i.ldt_init)
    led_init                                 0x0800300d   Thumb Code    56  led.o(i.led_init)
    led_off                                  0x08003051   Thumb Code    44  led.o(i.led_off)
    led_on                                   0x08003081   Thumb Code    44  led.o(i.led_on)
    main                                     0x080030b1   Thumb Code   332  main.o(i.main)
    picture_1                                0x08003279   Thumb Code    72  oled.o(i.picture_1)
    recv_handler                             0x080032c5   Thumb Code    36  main.o(i.recv_handler)
    rtc_config                               0x08003301   Thumb Code   108  rtc.o(i.rtc_config)
    rtc_init                                 0x0800336d   Thumb Code    94  rtc.o(i.rtc_init)
    set_time                                 0x0800340d   Thumb Code   182  rtc.o(i.set_time)
    set_wifi_recv_handler                    0x080034d5   Thumb Code     6  esp8266.o(i.set_wifi_recv_handler)
    sht_init                                 0x080034e1   Thumb Code     8  sht.o(i.sht_init)
    sht_read_data                            0x080034e9   Thumb Code   194  sht.o(i.sht_read_data)
    sht_write_mode                           0x080035bd   Thumb Code    60  sht.o(i.sht_write_mode)
    sht_write_read_cmd                       0x080035f9   Thumb Code    54  sht.o(i.sht_write_read_cmd)
    usart_1_init                             0x08003631   Thumb Code   162  usart1.o(i.usart_1_init)
    usart_2_init                             0x080036dd   Thumb Code   166  usart2.o(i.usart_2_init)
    usart_2_send_byte                        0x0800378d   Thumb Code    36  usart2.o(i.usart_2_send_byte)
    usart_2_send_data                        0x080037b5   Thumb Code    22  usart2.o(i.usart_2_send_data)
    _get_lc_numeric                          0x080037cd   Thumb Code    44  lc_numeric_c.o(locale$$code)
    _get_lc_ctype                            0x080037f9   Thumb Code    44  lc_ctype_c.o(locale$$code)
    __aeabi_dadd                             0x08003825   Thumb Code     0  daddsub_clz.o(x$fpl$dadd)
    _dadd                                    0x08003825   Thumb Code   332  daddsub_clz.o(x$fpl$dadd)
    __aeabi_ddiv                             0x08003975   Thumb Code     0  ddiv.o(x$fpl$ddiv)
    _ddiv                                    0x08003975   Thumb Code   552  ddiv.o(x$fpl$ddiv)
    __aeabi_ui2d                             0x08003c25   Thumb Code     0  dflt_clz.o(x$fpl$dfltu)
    _dfltu                                   0x08003c25   Thumb Code    38  dflt_clz.o(x$fpl$dfltu)
    __aeabi_dmul                             0x08003c4d   Thumb Code     0  dmul.o(x$fpl$dmul)
    _dmul                                    0x08003c4d   Thumb Code   332  dmul.o(x$fpl$dmul)
    __fpl_dnaninf                            0x08003da1   Thumb Code   156  dnaninf.o(x$fpl$dnaninf)
    __fpl_dretinf                            0x08003e3d   Thumb Code    12  dretinf.o(x$fpl$dretinf)
    __aeabi_dsub                             0x08003e49   Thumb Code     0  daddsub_clz.o(x$fpl$dsub)
    _dsub                                    0x08003e49   Thumb Code   464  daddsub_clz.o(x$fpl$dsub)
    _printf_fp_dec                           0x0800401d   Thumb Code     4  printf1.o(x$fpl$printf1)
    __I$use$fp                               0x08004020   Number         0  usenofp.o(x$fpl$usenofp)
    monthTable                               0x08004020   Data          12  rtc.o(.constdata)
    Region$$Table$$Base                      0x08004138   Number         0  anon$$obj.o(Region$$Table)
    Region$$Table$$Limit                     0x08004158   Number         0  anon$$obj.o(Region$$Table)
    __ctype                                  0x08004181   Data           0  lc_ctype_c.o(locale$$data)
    e_h0                                     0x20000018   Data           4  eint.o(.data)
    e_h1                                     0x2000001c   Data           4  eint.o(.data)
    e_h2                                     0x20000020   Data           4  eint.o(.data)
    u1_h                                     0x20000024   Data           4  usart1.o(.data)
    __stdout                                 0x20000028   Data           4  usart1.o(.data)
    __stdin                                  0x2000002c   Data           4  usart1.o(.data)
    GPIO_InitForSCL                          0x20000030   Data           4  gpio_iic.o(.data)
    GPIO_InitForSDAOut                       0x20000034   Data           4  gpio_iic.o(.data)
    GPIO_InitForSDAIn                        0x20000038   Data           4  gpio_iic.o(.data)
    Picture1                                 0x2000003c   Data        1024  oled.o(.data)
    chan                                     0x2000043c   Data         160  oled.o(.data)
    Temp                                     0x200004dc   Data          64  oled.o(.data)
    Hum                                      0x2000051c   Data          64  oled.o(.data)
    T                                        0x2000055c   Data          32  oled.o(.data)
    wifi_handler                             0x2000058c   Data           4  esp8266.o(.data)
    __libspace_start                         0x200007b8   Data          96  libspace.o(.bss)
    __temporary_stack_top$libspace           0x20000818   Data           0  libspace.o(.bss)



==============================================================================

Memory Map of the image

  Image Entry point : 0x080001f5

  Load Region LR_1 (Base: 0x08000000, Size: 0x00004820, Max: 0xffffffff, ABSOLUTE, COMPRESSED[0x000045c4])

    Execution Region ER_RO (Base: 0x08000000, Size: 0x00004284, Max: 0xffffffff, ABSOLUTE)

    Base Addr    Size         Type   Attr      Idx    E Section Name        Object

    0x08000000   0x000000ec   Data   RO           19    RESET               startup_stm32f10x_md.o
    0x080000ec   0x00000008   Code   RO         2210  * !!!main             c_w.l(__main.o)
    0x080000f4   0x00000034   Code   RO         2474    !!!scatter          c_w.l(__scatter.o)
    0x08000128   0x0000005a   Code   RO         2472    !!dczerorl2         c_w.l(__dczerorl2.o)
    0x08000182   0x00000002   PAD
    0x08000184   0x0000001c   Code   RO         2476    !!handler_zi        c_w.l(__scatter_zi.o)
    0x080001a0   0x00000000   Code   RO         2201    .ARM.Collect$$_printf_percent$$00000000  c_w.l(_printf_percent.o)
    0x080001a0   0x00000006   Code   RO         2200    .ARM.Collect$$_printf_percent$$00000003  c_w.l(_printf_f.o)
    0x080001a6   0x00000006   Code   RO         2199    .ARM.Collect$$_printf_percent$$00000009  c_w.l(_printf_d.o)
    0x080001ac   0x00000004   Code   RO         2258    .ARM.Collect$$_printf_percent$$00000017  c_w.l(_printf_percent_end.o)
    0x080001b0   0x00000002   Code   RO         2349    .ARM.Collect$$libinit$$00000000  c_w.l(libinit.o)
    0x080001b2   0x00000000   Code   RO         2351    .ARM.Collect$$libinit$$00000002  c_w.l(libinit2.o)
    0x080001b2   0x00000000   Code   RO         2353    .ARM.Collect$$libinit$$00000004  c_w.l(libinit2.o)
    0x080001b2   0x00000000   Code   RO         2356    .ARM.Collect$$libinit$$0000000A  c_w.l(libinit2.o)
    0x080001b2   0x00000000   Code   RO         2358    .ARM.Collect$$libinit$$0000000C  c_w.l(libinit2.o)
    0x080001b2   0x00000000   Code   RO         2360    .ARM.Collect$$libinit$$0000000E  c_w.l(libinit2.o)
    0x080001b2   0x00000006   Code   RO         2361    .ARM.Collect$$libinit$$0000000F  c_w.l(libinit2.o)
    0x080001b8   0x00000000   Code   RO         2363    .ARM.Collect$$libinit$$00000011  c_w.l(libinit2.o)
    0x080001b8   0x0000000c   Code   RO         2364    .ARM.Collect$$libinit$$00000012  c_w.l(libinit2.o)
    0x080001c4   0x00000000   Code   RO         2365    .ARM.Collect$$libinit$$00000013  c_w.l(libinit2.o)
    0x080001c4   0x00000000   Code   RO         2367    .ARM.Collect$$libinit$$00000015  c_w.l(libinit2.o)
    0x080001c4   0x0000000a   Code   RO         2368    .ARM.Collect$$libinit$$00000016  c_w.l(libinit2.o)
    0x080001ce   0x00000000   Code   RO         2369    .ARM.Collect$$libinit$$00000017  c_w.l(libinit2.o)
    0x080001ce   0x00000000   Code   RO         2371    .ARM.Collect$$libinit$$00000019  c_w.l(libinit2.o)
    0x080001ce   0x00000000   Code   RO         2373    .ARM.Collect$$libinit$$0000001B  c_w.l(libinit2.o)
    0x080001ce   0x00000000   Code   RO         2375    .ARM.Collect$$libinit$$0000001D  c_w.l(libinit2.o)
    0x080001ce   0x00000000   Code   RO         2377    .ARM.Collect$$libinit$$0000001F  c_w.l(libinit2.o)
    0x080001ce   0x00000000   Code   RO         2379    .ARM.Collect$$libinit$$00000021  c_w.l(libinit2.o)
    0x080001ce   0x00000000   Code   RO         2381    .ARM.Collect$$libinit$$00000023  c_w.l(libinit2.o)
    0x080001ce   0x00000000   Code   RO         2383    .ARM.Collect$$libinit$$00000025  c_w.l(libinit2.o)
    0x080001ce   0x00000000   Code   RO         2387    .ARM.Collect$$libinit$$0000002C  c_w.l(libinit2.o)
    0x080001ce   0x00000000   Code   RO         2389    .ARM.Collect$$libinit$$0000002E  c_w.l(libinit2.o)
    0x080001ce   0x00000000   Code   RO         2391    .ARM.Collect$$libinit$$00000030  c_w.l(libinit2.o)
    0x080001ce   0x00000000   Code   RO         2393    .ARM.Collect$$libinit$$00000032  c_w.l(libinit2.o)
    0x080001ce   0x00000002   Code   RO         2394    .ARM.Collect$$libinit$$00000033  c_w.l(libinit2.o)
    0x080001d0   0x00000002   Code   RO         2422    .ARM.Collect$$libshutdown$$00000000  c_w.l(libshutdown.o)
    0x080001d2   0x00000000   Code   RO         2431    .ARM.Collect$$libshutdown$$00000002  c_w.l(libshutdown2.o)
    0x080001d2   0x00000000   Code   RO         2433    .ARM.Collect$$libshutdown$$00000004  c_w.l(libshutdown2.o)
    0x080001d2   0x00000000   Code   RO         2436    .ARM.Collect$$libshutdown$$00000007  c_w.l(libshutdown2.o)
    0x080001d2   0x00000000   Code   RO         2439    .ARM.Collect$$libshutdown$$0000000A  c_w.l(libshutdown2.o)
    0x080001d2   0x00000000   Code   RO         2441    .ARM.Collect$$libshutdown$$0000000C  c_w.l(libshutdown2.o)
    0x080001d2   0x00000000   Code   RO         2444    .ARM.Collect$$libshutdown$$0000000F  c_w.l(libshutdown2.o)
    0x080001d2   0x00000002   Code   RO         2445    .ARM.Collect$$libshutdown$$00000010  c_w.l(libshutdown2.o)
    0x080001d4   0x00000000   Code   RO         2244    .ARM.Collect$$rtentry$$00000000  c_w.l(__rtentry.o)
    0x080001d4   0x00000000   Code   RO         2274    .ARM.Collect$$rtentry$$00000002  c_w.l(__rtentry2.o)
    0x080001d4   0x00000006   Code   RO         2286    .ARM.Collect$$rtentry$$00000004  c_w.l(__rtentry4.o)
    0x080001da   0x00000000   Code   RO         2276    .ARM.Collect$$rtentry$$00000009  c_w.l(__rtentry2.o)
    0x080001da   0x00000004   Code   RO         2277    .ARM.Collect$$rtentry$$0000000A  c_w.l(__rtentry2.o)
    0x080001de   0x00000000   Code   RO         2279    .ARM.Collect$$rtentry$$0000000C  c_w.l(__rtentry2.o)
    0x080001de   0x00000008   Code   RO         2280    .ARM.Collect$$rtentry$$0000000D  c_w.l(__rtentry2.o)
    0x080001e6   0x00000002   Code   RO         2395    .ARM.Collect$$rtexit$$00000000  c_w.l(rtexit.o)
    0x080001e8   0x00000000   Code   RO         2402    .ARM.Collect$$rtexit$$00000002  c_w.l(rtexit2.o)
    0x080001e8   0x00000004   Code   RO         2403    .ARM.Collect$$rtexit$$00000003  c_w.l(rtexit2.o)
    0x080001ec   0x00000006   Code   RO         2404    .ARM.Collect$$rtexit$$00000004  c_w.l(rtexit2.o)
    0x080001f2   0x00000002   PAD
    0x080001f4   0x00000040   Code   RO           20  * .text               startup_stm32f10x_md.o
    0x08000234   0x00000002   Code   RO         2167    .text               c_w.l(use_no_semi_2.o)
    0x08000236   0x00000002   PAD
    0x08000238   0x00000028   Code   RO         2171    .text               c_w.l(noretval__2sprintf.o)
    0x08000260   0x0000004e   Code   RO         2175    .text               c_w.l(_printf_pad.o)
    0x080002ae   0x00000002   PAD
    0x080002b0   0x00000078   Code   RO         2177    .text               c_w.l(_printf_dec.o)
    0x08000328   0x00000138   Code   RO         2191    .text               c_w.l(__printf_flags_wp.o)
    0x08000460   0x0000001a   Code   RO         2202    .text               c_w.l(atoi.o)
    0x0800047a   0x00000064   Code   RO         2204    .text               c_w.l(rt_memcpy_w.o)
    0x080004de   0x00000002   PAD
    0x080004e0   0x00000080   Code   RO         2206    .text               c_w.l(strcmpv7m.o)
    0x08000560   0x00000006   Code   RO         2208    .text               c_w.l(heapauxi.o)
    0x08000566   0x00000002   Code   RO         2242    .text               c_w.l(use_no_semi.o)
    0x08000568   0x00000008   Code   RO         2248    .text               c_w.l(rt_errno_addr_intlibspace.o)
    0x08000570   0x000000b2   Code   RO         2250    .text               c_w.l(_printf_intcommon.o)
    0x08000622   0x0000041a   Code   RO         2252    .text               c_w.l(_printf_fp_dec.o)
    0x08000a3c   0x00000030   Code   RO         2254    .text               c_w.l(_printf_char_common.o)
    0x08000a6c   0x0000000a   Code   RO         2256    .text               c_w.l(_sputc.o)
    0x08000a76   0x00000070   Code   RO         2259    .text               c_w.l(strtol.o)
    0x08000ae6   0x00000002   PAD
    0x08000ae8   0x00000008   Code   RO         2270    .text               c_w.l(libspace.o)
    0x08000af0   0x00000010   Code   RO         2288    .text               c_w.l(rt_ctype_table.o)
    0x08000b00   0x00000008   Code   RO         2293    .text               c_w.l(rt_locale_intlibspace.o)
    0x08000b08   0x0000008a   Code   RO         2295    .text               c_w.l(lludiv10.o)
    0x08000b92   0x00000002   PAD
    0x08000b94   0x00000080   Code   RO         2297    .text               c_w.l(_printf_fp_infnan.o)
    0x08000c14   0x0000009e   Code   RO         2301    .text               c_w.l(_strtoul.o)
    0x08000cb2   0x00000002   PAD
    0x08000cb4   0x000000dc   Code   RO         2303    .text               c_w.l(bigflt0.o)
    0x08000d90   0x0000004a   Code   RO         2335    .text               c_w.l(sys_stackheap_outer.o)
    0x08000dda   0x0000001c   Code   RO         2337    .text               c_w.l(_chval.o)
    0x08000df6   0x00000012   Code   RO         2342    .text               c_w.l(exit.o)
    0x08000e08   0x0000003e   Code   RO         2306    CL$$btod_d2e        c_w.l(btod.o)
    0x08000e46   0x00000046   Code   RO         2308    CL$$btod_d2e_denorm_low  c_w.l(btod.o)
    0x08000e8c   0x00000060   Code   RO         2307    CL$$btod_d2e_norm_op1  c_w.l(btod.o)
    0x08000eec   0x00000338   Code   RO         2316    CL$$btod_div_common  c_w.l(btod.o)
    0x08001224   0x000000c6   Code   RO         2313    CL$$btod_e2e        c_w.l(btod.o)
    0x080012ea   0x00000028   Code   RO         2310    CL$$btod_ediv       c_w.l(btod.o)
    0x08001312   0x00000028   Code   RO         2309    CL$$btod_emul       c_w.l(btod.o)
    0x0800133a   0x00000244   Code   RO         2315    CL$$btod_mult_common  c_w.l(btod.o)
    0x0800157e   0x00000006   Code   RO          737    i.ADC_ClearFlag     stm32f10x_adc.o
    0x08001584   0x00000016   Code   RO          739    i.ADC_Cmd           stm32f10x_adc.o
    0x0800159a   0x00000014   Code   RO          747    i.ADC_GetCalibrationStatus  stm32f10x_adc.o
    0x080015ae   0x00000008   Code   RO          748    i.ADC_GetConversionValue  stm32f10x_adc.o
    0x080015b6   0x00000012   Code   RO          750    i.ADC_GetFlagStatus  stm32f10x_adc.o
    0x080015c8   0x00000014   Code   RO          753    i.ADC_GetResetCalibrationStatus  stm32f10x_adc.o
    0x080015dc   0x00000050   Code   RO          757    i.ADC_Init          stm32f10x_adc.o
    0x0800162c   0x000000b8   Code   RO          761    i.ADC_RegularChannelConfig  stm32f10x_adc.o
    0x080016e4   0x0000000a   Code   RO          762    i.ADC_ResetCalibration  stm32f10x_adc.o
    0x080016ee   0x00000016   Code   RO          764    i.ADC_SoftwareStartConvCmd  stm32f10x_adc.o
    0x08001704   0x0000000a   Code   RO          766    i.ADC_StartCalibration  stm32f10x_adc.o
    0x0800170e   0x00000010   Code   RO          957    i.BKP_DeInit        stm32f10x_bkp.o
    0x0800171e   0x00000002   PAD
    0x08001720   0x0000001c   Code   RO          962    i.BKP_ReadBackupRegister  stm32f10x_bkp.o
    0x0800173c   0x0000001c   Code   RO          966    i.BKP_WriteBackupRegister  stm32f10x_bkp.o
    0x08001758   0x00000004   Code   RO         2068    i.BusFault_Handler  stm32f10x_it.o
    0x0800175c   0x00000002   Code   RO         2069    i.DebugMon_Handler  stm32f10x_it.o
    0x0800175e   0x00000002   PAD
    0x08001760   0x00000014   Code   RO         1370    i.EXTI0_IRQHandler  eint.o
    0x08001774   0x00000040   Code   RO         1371    i.EXTI9_5_IRQHandler  eint.o
    0x080017b4   0x0000000c   Code   RO          458    i.EXTI_ClearITPendingBit  stm32f10x_exti.o
    0x080017c0   0x00000028   Code   RO          462    i.EXTI_GetITStatus  stm32f10x_exti.o
    0x080017e8   0x00000094   Code   RO          463    i.EXTI_Init         stm32f10x_exti.o
    0x0800187c   0x00000040   Code   RO          310    i.GPIO_EXTILineConfig  stm32f10x_gpio.o
    0x080018bc   0x00000116   Code   RO          313    i.GPIO_Init         stm32f10x_gpio.o
    0x080019d2   0x00000002   PAD
    0x080019d4   0x00000090   Code   RO          315    i.GPIO_PinRemapConfig  stm32f10x_gpio.o
    0x08001a64   0x00000004   Code   RO         2070    i.HardFault_Handler  stm32f10x_it.o
    0x08001a68   0x00000038   Code   RO         1491    i.IIC_Ack           gpio_iic.o
    0x08001aa0   0x0000006c   Code   RO         1492    i.IIC_Init          gpio_iic.o
    0x08001b0c   0x00000038   Code   RO         1493    i.IIC_NAck          gpio_iic.o
    0x08001b44   0x00000060   Code   RO         1494    i.IIC_Recv_Byte     gpio_iic.o
    0x08001ba4   0x00000014   Code   RO         1495    i.IIC_Sda_In        gpio_iic.o
    0x08001bb8   0x00000014   Code   RO         1496    i.IIC_Sda_Out       gpio_iic.o
    0x08001bcc   0x00000050   Code   RO         1497    i.IIC_Send_Byte     gpio_iic.o
    0x08001c1c   0x00000038   Code   RO         1498    i.IIC_Start         gpio_iic.o
    0x08001c54   0x0000003c   Code   RO         1499    i.IIC_Stop          gpio_iic.o
    0x08001c90   0x0000004c   Code   RO         1500    i.IIC_Wait_Ack      gpio_iic.o
    0x08001cdc   0x00000004   Code   RO         2071    i.MemManage_Handler  stm32f10x_it.o
    0x08001ce0   0x00000002   Code   RO         2072    i.NMI_Handler       stm32f10x_it.o
    0x08001ce2   0x00000002   PAD
    0x08001ce4   0x00000070   Code   RO          421    i.NVIC_Init         misc.o
    0x08001d54   0x00000014   Code   RO          422    i.NVIC_PriorityGroupConfig  misc.o
    0x08001d68   0x00000040   Code   RO         1566    i.OLED_Clear        oled.o
    0x08001da8   0x000000b8   Code   RO         1572    i.OLED_Init         oled.o
    0x08001e60   0x00000018   Code   RO         1583    i.OLED_WR_Byte      oled.o
    0x08001e78   0x0000000c   Code   RO         1033    i.PWR_BackupAccessCmd  stm32f10x_pwr.o
    0x08001e84   0x00000002   Code   RO         2073    i.PendSV_Handler    stm32f10x_it.o
    0x08001e86   0x00000002   PAD
    0x08001e88   0x00000020   Code   RO           26    i.RCC_APB1PeriphClockCmd  stm32f10x_rcc.o
    0x08001ea8   0x00000020   Code   RO           28    i.RCC_APB2PeriphClockCmd  stm32f10x_rcc.o
    0x08001ec8   0x0000000c   Code   RO           31    i.RCC_BackupResetCmd  stm32f10x_rcc.o
    0x08001ed4   0x000000d4   Code   RO           36    i.RCC_GetClocksFreq  stm32f10x_rcc.o
    0x08001fa8   0x0000003c   Code   RO           37    i.RCC_GetFlagStatus  stm32f10x_rcc.o
    0x08001fe4   0x00000034   Code   RO           44    i.RCC_LSEConfig     stm32f10x_rcc.o
    0x08002018   0x0000000c   Code   RO           51    i.RCC_RTCCLKCmd     stm32f10x_rcc.o
    0x08002024   0x00000010   Code   RO           52    i.RCC_RTCCLKConfig  stm32f10x_rcc.o
    0x08002034   0x00000010   Code   RO         1094    i.RTC_ClearITPendingBit  stm32f10x_rtc.o
    0x08002044   0x00000014   Code   RO         1095    i.RTC_EnterConfigMode  stm32f10x_rtc.o
    0x08002058   0x00000014   Code   RO         1096    i.RTC_ExitConfigMode  stm32f10x_rtc.o
    0x0800206c   0x00000014   Code   RO         1097    i.RTC_GetCounter    stm32f10x_rtc.o
    0x08002080   0x00000024   Code   RO         1100    i.RTC_GetITStatus   stm32f10x_rtc.o
    0x080020a4   0x00000020   Code   RO         1875    i.RTC_IRQHandler    rtc.o
    0x080020c4   0x00000020   Code   RO         1101    i.RTC_ITConfig      stm32f10x_rtc.o
    0x080020e4   0x0000001c   Code   RO         1103    i.RTC_SetCounter    stm32f10x_rtc.o
    0x08002100   0x00000020   Code   RO         1104    i.RTC_SetPrescaler  stm32f10x_rtc.o
    0x08002120   0x00000014   Code   RO         1105    i.RTC_WaitForLastTask  stm32f10x_rtc.o
    0x08002134   0x00000024   Code   RO         1106    i.RTC_WaitForSynchro  stm32f10x_rtc.o
    0x08002158   0x00000002   Code   RO         2074    i.SVC_Handler       stm32f10x_it.o
    0x0800215a   0x00000008   Code   RO         2131    i.SetSysClock       system_stm32f10x.o
    0x08002162   0x00000002   PAD
    0x08002164   0x000000e0   Code   RO         2132    i.SetSysClockTo72   system_stm32f10x.o
    0x08002244   0x00000028   Code   RO          425    i.SysTick_CLKSourceConfig  misc.o
    0x0800226c   0x00000002   Code   RO         2075    i.SysTick_Handler   stm32f10x_it.o
    0x0800226e   0x00000002   PAD
    0x08002270   0x00000060   Code   RO         2134    i.SystemInit        system_stm32f10x.o
    0x080022d0   0x00000034   Code   RO         1427    i.USART1_IRQHandler  usart1.o
    0x08002304   0x00000030   Code   RO         1932    i.USART2_IRQHandler  usart2.o
    0x08002334   0x00000012   Code   RO          553    i.USART_ClearFlag   stm32f10x_usart.o
    0x08002346   0x0000001e   Code   RO          554    i.USART_ClearITPendingBit  stm32f10x_usart.o
    0x08002364   0x00000018   Code   RO          557    i.USART_Cmd         stm32f10x_usart.o
    0x0800237c   0x0000001a   Code   RO          560    i.USART_GetFlagStatus  stm32f10x_usart.o
    0x08002396   0x00000054   Code   RO          561    i.USART_GetITStatus  stm32f10x_usart.o
    0x080023ea   0x0000004a   Code   RO          563    i.USART_ITConfig    stm32f10x_usart.o
    0x08002434   0x000000d8   Code   RO          564    i.USART_Init        stm32f10x_usart.o
    0x0800250c   0x0000000a   Code   RO          571    i.USART_ReceiveData  stm32f10x_usart.o
    0x08002516   0x00000008   Code   RO          574    i.USART_SendData    stm32f10x_usart.o
    0x0800251e   0x00000004   Code   RO         2076    i.UsageFault_Handler  stm32f10x_it.o
    0x08002522   0x0000002c   Code   RO         1585    i.Write_IIC_Command  oled.o
    0x0800254e   0x0000002c   Code   RO         1586    i.Write_IIC_Data    oled.o
    0x0800257a   0x00000028   Code   RO         2333    i.__ARM_fpclassify  m_ws.l(fpclassify.o)
    0x080025a2   0x0000000e   Code   RO         2189    i._is_digit         c_w.l(__printf_wp.o)
    0x080025b0   0x00000002   Code   RO         1428    i._sys_exit         usart1.o
    0x080025b2   0x00000002   PAD
    0x080025b4   0x0000008c   Code   RO         1848    i.adj_res_init      adj_res.o
    0x08002640   0x00000040   Code   RO         1240    i.button_init       button.o
    0x08002680   0x00000034   Code   RO         1213    i.buzzer_init       buzzer.o
    0x080026b4   0x0000000c   Code   RO         1214    i.buzzer_off        buzzer.o
    0x080026c0   0x0000000c   Code   RO         1215    i.buzzer_on         buzzer.o
    0x080026cc   0x000000e8   Code   RO         1876    i.conv_time         rtc.o
    0x080027b4   0x00000154   Code   RO         1983    i.dataHandler       esp8266.o
    0x08002908   0x00000034   Code   RO         1261    i.delay_init        delay.o
    0x0800293c   0x00000038   Code   RO         1262    i.delay_ms          delay.o
    0x08002974   0x0000004c   Code   RO         1263    i.delay_us          delay.o
    0x080029c0   0x0000004c   Code   RO         1264    i.delay_xms         delay.o
    0x08002a0c   0x0000000c   Code   RO         1329    i.dht_init          dht.o
    0x08002a18   0x00000010   Code   RO         1330    i.dht_input_status  dht.o
    0x08002a28   0x00000020   Code   RO         1331    i.dht_output_status  dht.o
    0x08002a48   0x0000009c   Code   RO         1296    i.digit_show_data   ldt.o
    0x08002ae4   0x00000008   Code   RO         1805    i.eeprom_init       eeprom.o
    0x08002aec   0x00000040   Code   RO         1807    i.eeprom_rand_read  eeprom.o
    0x08002b2c   0x000000b4   Code   RO         1372    i.eint_init         eint.o
    0x08002be0   0x00000008   Code   RO         1985    i.esp8266_init      esp8266.o
    0x08002be8   0x000000b4   Code   RO         1986    i.esp8266_link_wifi  esp8266.o
    0x08002c9c   0x00000080   Code   RO         1987    i.esp8266_send_udp  esp8266.o
    0x08002d1c   0x000000c0   Code   RO         1988    i.esp8266_setup_udp  esp8266.o
    0x08002ddc   0x0000002c   Code   RO         1849    i.get_adj_res_value  adj_res.o
    0x08002e08   0x000000b4   Code   RO         1332    i.get_dht_value     dht.o
    0x08002ebc   0x00000070   Code   RO         1297    i.hc138_out_data    ldt.o
    0x08002f2c   0x00000050   Code   RO         1298    i.hc595_send_data   ldt.o
    0x08002f7c   0x00000034   Code   RO         1878    i.isLeapYear        rtc.o
    0x08002fb0   0x0000005c   Code   RO         1299    i.ldt_init          ldt.o
    0x0800300c   0x00000044   Code   RO         1183    i.led_init          led.o
    0x08003050   0x00000030   Code   RO         1184    i.led_off           led.o
    0x08003080   0x00000030   Code   RO         1185    i.led_on            led.o
    0x080030b0   0x000001c8   Code   RO         2042    i.main              main.o
    0x08003278   0x0000004c   Code   RO         1589    i.picture_1         oled.o
    0x080032c4   0x0000003c   Code   RO         2043    i.recv_handler      main.o
    0x08003300   0x0000006c   Code   RO         1879    i.rtc_config        rtc.o
    0x0800336c   0x0000005e   Code   RO         1880    i.rtc_init          rtc.o
    0x080033ca   0x00000002   PAD
    0x080033cc   0x0000001c   Code   RO         1333    i.set_dht_gpio_input  dht.o
    0x080033e8   0x00000024   Code   RO         1334    i.set_dht_gpio_output  dht.o
    0x0800340c   0x000000c8   Code   RO         1881    i.set_time          rtc.o
    0x080034d4   0x0000000c   Code   RO         1989    i.set_wifi_recv_handler  esp8266.o
    0x080034e0   0x00000008   Code   RO         1770    i.sht_init          sht.o
    0x080034e8   0x000000d4   Code   RO         1771    i.sht_read_data     sht.o
    0x080035bc   0x0000003c   Code   RO         1772    i.sht_write_mode    sht.o
    0x080035f8   0x00000036   Code   RO         1773    i.sht_write_read_cmd  sht.o
    0x0800362e   0x00000002   PAD
    0x08003630   0x000000ac   Code   RO         1431    i.usart_1_init      usart1.o
    0x080036dc   0x000000b0   Code   RO         1934    i.usart_2_init      usart2.o
    0x0800378c   0x00000028   Code   RO         1936    i.usart_2_send_byte  usart2.o
    0x080037b4   0x00000016   Code   RO         1937    i.usart_2_send_data  usart2.o
    0x080037ca   0x00000002   PAD
    0x080037cc   0x0000002c   Code   RO         2329    locale$$code        c_w.l(lc_numeric_c.o)
    0x080037f8   0x0000002c   Code   RO         2340    locale$$code        c_w.l(lc_ctype_c.o)
    0x08003824   0x00000150   Code   RO         2214    x$fpl$dadd          fz_ws.l(daddsub_clz.o)
    0x08003974   0x000002b0   Code   RO         2221    x$fpl$ddiv          fz_ws.l(ddiv.o)
    0x08003c24   0x00000026   Code   RO         2224    x$fpl$dfltu         fz_ws.l(dflt_clz.o)
    0x08003c4a   0x00000002   PAD
    0x08003c4c   0x00000154   Code   RO         2230    x$fpl$dmul          fz_ws.l(dmul.o)
    0x08003da0   0x0000009c   Code   RO         2261    x$fpl$dnaninf       fz_ws.l(dnaninf.o)
    0x08003e3c   0x0000000c   Code   RO         2263    x$fpl$dretinf       fz_ws.l(dretinf.o)
    0x08003e48   0x000001d4   Code   RO         2216    x$fpl$dsub          fz_ws.l(daddsub_clz.o)
    0x0800401c   0x00000004   Code   RO         2240    x$fpl$printf1       fz_ws.l(printf1.o)
    0x08004020   0x00000000   Code   RO         2269    x$fpl$usenofp       fz_ws.l(usenofp.o)
    0x08004020   0x0000000c   Data   RO         1883    .constdata          rtc.o
    0x0800402c   0x0000001c   Data   RO         2044    .constdata          main.o
    0x08004048   0x00000011   Data   RO         2192    .constdata          c_w.l(__printf_flags_wp.o)
    0x08004059   0x00000003   PAD
    0x0800405c   0x00000094   Data   RO         2304    .constdata          c_w.l(bigflt0.o)
    0x080040f0   0x00000047   Data   RO         2045    .conststring        main.o
    0x08004137   0x00000001   PAD
    0x08004138   0x00000020   Data   RO         2470    Region$$Table       anon$$obj.o
    0x08004158   0x0000001c   Data   RO         2328    locale$$data        c_w.l(lc_numeric_c.o)
    0x08004174   0x00000110   Data   RO         2339    locale$$data        c_w.l(lc_ctype_c.o)


    Execution Region ER_RW (Base: 0x20000000, Size: 0x0000059c, Max: 0xffffffff, ABSOLUTE, COMPRESSED[0x00000340])

    Base Addr    Size         Type   Attr      Idx    E Section Name        Object

    0x20000000   0x00000014   Data   RW           56    .data               stm32f10x_rcc.o
    0x20000014   0x00000004   Data   RW         1265    .data               delay.o
    0x20000018   0x0000000c   Data   RW         1374    .data               eint.o
    0x20000024   0x0000000c   Data   RW         1435    .data               usart1.o
    0x20000030   0x0000000c   Data   RW         1501    .data               gpio_iic.o
    0x2000003c   0x00000540   Data   RW         1592    .data               oled.o
    0x2000057c   0x00000020   Data   RW         1991    .data               esp8266.o


    Execution Region ER_ZI (Base: 0x2000059c, Size: 0x0000087c, Max: 0xffffffff, ABSOLUTE)

    Base Addr    Size         Type   Attr      Idx    E Section Name        Object

    0x2000059c   0x0000001c   Zero   RW         1882    .bss                rtc.o
    0x200005b8   0x00000200   Zero   RW         1990    .bss                esp8266.o
    0x200007b8   0x00000060   Zero   RW         2271    .bss                c_w.l(libspace.o)
    0x20000818   0x00000200   Zero   RW           18    HEAP                startup_stm32f10x_md.o
    0x20000a18   0x00000400   Zero   RW           17    STACK               startup_stm32f10x_md.o


==============================================================================

Image component sizes


      Code (inc. data)   RO Data    RW Data    ZI Data      Debug   Object Name

       184         12          0          0          0       1047   adj_res.o
        64         10          0          0          0        466   button.o
        76         16          0          0          0       1259   buzzer.o
         0          0          0          0          0       4540   core_cm3.o
       260         18          0          4          0       2203   delay.o
       304         20          0          0          0       3195   dht.o
        72          0          0          0          0       1037   eeprom.o
       264         20          0         12          0       2029   eint.o
       860        184          0         32        512       3895   esp8266.o
       628        106          0         12          0       5244   gpio_iic.o
       440         54          0          0          0       2156   ldt.o
       164         20          0          0          0       1374   led.o
       516        148         99          0          0       1358   main.o
       172         22          0          0          0       1917   misc.o
       436          4          0       1344          0       4713   oled.o
       718         32         12          0         28       4225   rtc.o
       334         18          0          0          0       2017   sht.o
        64         26        236          0       1536        792   startup_stm32f10x_md.o
       400         10          0          0          0       8169   stm32f10x_adc.o
        72         10          0          0          0       2544   stm32f10x_bkp.o
       200         18          0          0          0       1964   stm32f10x_exti.o
       486         10          0          0          0       3272   stm32f10x_gpio.o
        26          0          0          0          0       3746   stm32f10x_it.o
        12          6          0          0          0        478   stm32f10x_pwr.o
       428         58          0         20          0     244414   stm32f10x_rcc.o
       260         48          0          0          0       4840   stm32f10x_rtc.o
       490          6          0          0          0       7021   stm32f10x_usart.o
       328         28          0          0          0       1817   system_stm32f10x.o
       226         18          0         12          0       3538   usart1.o
       286         20          0          0          0       2415   usart2.o

    ----------------------------------------------------------------------
      8792        942        380       1436       2076     327685   Object Totals
         0          0         32          0          0          0   (incl. Generated)
        22          0          1          0          0          0   (incl. Padding)

    ----------------------------------------------------------------------

      Code (inc. data)   RO Data    RW Data    ZI Data      Debug   Library Member Name

        90          0          0          0          0          0   __dczerorl2.o
         8          0          0          0          0         68   __main.o
       312          4         17          0          0         92   __printf_flags_wp.o
        14          0          0          0          0         68   __printf_wp.o
         0          0          0          0          0          0   __rtentry.o
        12          0          0          0          0          0   __rtentry2.o
         6          0          0          0          0          0   __rtentry4.o
        52          8          0          0          0          0   __scatter.o
        28          0          0          0          0          0   __scatter_zi.o
        28          0          0          0          0         68   _chval.o
        48          6          0          0          0         96   _printf_char_common.o
         6          0          0          0          0          0   _printf_d.o
       120         16          0          0          0         92   _printf_dec.o
         6          0          0          0          0          0   _printf_f.o
      1050          0          0          0          0        216   _printf_fp_dec.o
       128         16          0          0          0         84   _printf_fp_infnan.o
       178          0          0          0          0         88   _printf_intcommon.o
        78          0          0          0          0        108   _printf_pad.o
         0          0          0          0          0          0   _printf_percent.o
         4          0          0          0          0          0   _printf_percent_end.o
        10          0          0          0          0         68   _sputc.o
       158          0          0          0          0         92   _strtoul.o
        26          0          0          0          0         80   atoi.o
       220          4        148          0          0         96   bigflt0.o
      1910        128          0          0          0        672   btod.o
        18          0          0          0          0         80   exit.o
         6          0          0          0          0        152   heapauxi.o
        44         10        272          0          0         76   lc_ctype_c.o
        44         10         28          0          0         76   lc_numeric_c.o
         2          0          0          0          0          0   libinit.o
        30          0          0          0          0          0   libinit2.o
         2          0          0          0          0          0   libshutdown.o
         2          0          0          0          0          0   libshutdown2.o
         8          4          0          0         96         68   libspace.o
       138          0          0          0          0         80   lludiv10.o
        40          6          0          0          0         84   noretval__2sprintf.o
        16          4          0          0          0         76   rt_ctype_table.o
         8          4          0          0          0         68   rt_errno_addr_intlibspace.o
         8          4          0          0          0         68   rt_locale_intlibspace.o
       100          0          0          0          0         80   rt_memcpy_w.o
         2          0          0          0          0          0   rtexit.o
        10          0          0          0          0          0   rtexit2.o
       128          0          0          0          0         68   strcmpv7m.o
       112          0          0          0          0         88   strtol.o
        74          0          0          0          0         80   sys_stackheap_outer.o
         2          0          0          0          0         68   use_no_semi.o
         2          0          0          0          0         68   use_no_semi_2.o
       804         16          0          0          0        272   daddsub_clz.o
       688        140          0          0          0        208   ddiv.o
        38          0          0          0          0         68   dflt_clz.o
       340         12          0          0          0        104   dmul.o
       156          4          0          0          0         92   dnaninf.o
        12          0          0          0          0         68   dretinf.o
         4          0          0          0          0         68   printf1.o
         0          0          0          0          0          0   usenofp.o
        40          0          0          0          0         68   fpclassify.o

    ----------------------------------------------------------------------
      7388        396        468          0         96       4216   Library Totals
        18          0          3          0          0          0   (incl. Padding)

    ----------------------------------------------------------------------

      Code (inc. data)   RO Data    RW Data    ZI Data      Debug   Library Name

      5288        224        465          0         96       3268   c_w.l
      2042        172          0          0          0        880   fz_ws.l
        40          0          0          0          0         68   m_ws.l

    ----------------------------------------------------------------------
      7388        396        468          0         96       4216   Library Totals

    ----------------------------------------------------------------------

==============================================================================


      Code (inc. data)   RO Data    RW Data    ZI Data      Debug   

     16180       1338        848       1436       2172     323057   Grand Totals
     16180       1338        848        832       2172     323057   ELF Image Totals (compressed)
     16180       1338        848        832          0          0   ROM Totals

==============================================================================

    Total RO  Size (Code + RO Data)                17028 (  16.63kB)
    Total RW  Size (RW Data + ZI Data)              3608 (   3.52kB)
    Total ROM Size (Code + RO Data + RW Data)      17860 (  17.44kB)

==============================================================================

